Component: ARM Compiler 5.06 update 7 (build 960) Tool: armlink [4d3601]

==============================================================================

Section Cross References

    startup_stm32f103xe.o(STACK) refers (Special) to heapauxi.o(.text) for __use_two_region_memory
    startup_stm32f103xe.o(HEAP) refers (Special) to heapauxi.o(.text) for __use_two_region_memory
    startup_stm32f103xe.o(RESET) refers (Special) to heapauxi.o(.text) for __use_two_region_memory
    startup_stm32f103xe.o(RESET) refers to startup_stm32f103xe.o(STACK) for __initial_sp
    startup_stm32f103xe.o(RESET) refers to startup_stm32f103xe.o(.text) for Reset_Handler
    startup_stm32f103xe.o(RESET) refers to stm32f1xx_it.o(i.NMI_Handler) for NMI_Handler
    startup_stm32f103xe.o(RESET) refers to stm32f1xx_it.o(i.HardFault_Handler) for HardFault_Handler
    startup_stm32f103xe.o(RESET) refers to stm32f1xx_it.o(i.MemManage_Handler) for MemManage_Handler
    startup_stm32f103xe.o(RESET) refers to stm32f1xx_it.o(i.BusFault_Handler) for BusFault_Handler
    startup_stm32f103xe.o(RESET) refers to stm32f1xx_it.o(i.UsageFault_Handler) for UsageFault_Handler
    startup_stm32f103xe.o(RESET) refers to stm32f1xx_it.o(i.SVC_Handler) for SVC_Handler
    startup_stm32f103xe.o(RESET) refers to stm32f1xx_it.o(i.DebugMon_Handler) for DebugMon_Handler
    startup_stm32f103xe.o(RESET) refers to stm32f1xx_it.o(i.PendSV_Handler) for PendSV_Handler
    startup_stm32f103xe.o(RESET) refers to stm32f1xx_it.o(i.SysTick_Handler) for SysTick_Handler
    startup_stm32f103xe.o(RESET) refers to mq.o(i.DMA1_Channel1_IRQHandler) for DMA1_Channel1_IRQHandler
    startup_stm32f103xe.o(RESET) refers to usart.o(i.USART3_IRQHandler) for USART3_IRQHandler
    startup_stm32f103xe.o(.text) refers (Special) to heapauxi.o(.text) for __use_two_region_memory
    startup_stm32f103xe.o(.text) refers to system_stm32f1xx.o(i.SystemInit) for SystemInit
    startup_stm32f103xe.o(.text) refers to __main.o(!!!main) for __main
    startup_stm32f103xe.o(.text) refers to startup_stm32f103xe.o(HEAP) for Heap_Mem
    startup_stm32f103xe.o(.text) refers to startup_stm32f103xe.o(STACK) for Stack_Mem
    stm32f1xx_it.o(i.HardFault_Handler) refers to lcd.o(i.lcd_show_string) for lcd_show_string
    stm32f1xx_it.o(i.SysTick_Handler) refers to stm32f1xx_hal.o(i.HAL_IncTick) for HAL_IncTick
    main.o(i.data_get) refers to lcd.o(i.lcd_show_string) for lcd_show_string
    main.o(i.data_get) refers to dht11.o(i.dht11_read_data) for dht11_read_data
    main.o(i.data_get) refers to lcd.o(i.lcd_show_num) for lcd_show_num
    main.o(i.data_get) refers to lcd.o(i.lcd_show_xnum) for lcd_show_xnum
    main.o(i.data_get) refers to fflt_clz.o(x$fpl$ffltu) for __aeabi_ui2f
    main.o(i.data_get) refers to f2d.o(x$fpl$f2d) for __aeabi_f2d
    main.o(i.data_get) refers to dmul.o(x$fpl$dmul) for __aeabi_dmul
    main.o(i.data_get) refers to d2f.o(x$fpl$d2f) for __aeabi_d2f
    main.o(i.data_get) refers to ffixu.o(x$fpl$ffixu) for __aeabi_f2uiz
    main.o(i.data_get) refers to faddsub_clz.o(x$fpl$frsb) for __aeabi_frsub
    main.o(i.data_get) refers to fmul.o(x$fpl$fmul) for __aeabi_fmul
    main.o(i.data_get) refers to fdiv.o(x$fpl$fdiv) for __aeabi_fdiv
    main.o(i.data_get) refers to mq.o(i.adc_dma_enable) for adc_dma_enable
    main.o(i.data_get) refers to main.o(.data) for humidity
    main.o(i.data_get) refers to mq.o(.data) for g_adc_dma_sta
    main.o(i.data_get) refers to main.o(.bss) for g_adc_dma_buf
    main.o(i.judge) refers to stm32f1xx_hal_gpio.o(i.HAL_GPIO_WritePin) for HAL_GPIO_WritePin
    main.o(i.judge) refers to lcd.o(i.lcd_show_string) for lcd_show_string
    main.o(i.judge) refers to main.o(i.motor_judge) for motor_judge
    main.o(i.judge) refers to main.o(.data) for temperature
    main.o(i.main) refers to stm32f1xx_hal.o(i.HAL_Init) for HAL_Init
    main.o(i.main) refers to sys.o(i.sys_stm32_clock_init) for sys_stm32_clock_init
    main.o(i.main) refers to usart.o(i.usart_init) for usart_init
    main.o(i.main) refers to delay.o(i.delay_init) for delay_init
    main.o(i.main) refers to lcd.o(i.lcd_init) for lcd_init
    main.o(i.main) refers to led.o(i.led_init) for led_init
    main.o(i.main) refers to dht11.o(i.dht11_init) for dht11_init
    main.o(i.main) refers to lcd.o(i.lcd_show_string) for lcd_show_string
    main.o(i.main) refers to mq.o(i.adc_nch_dma_init) for adc_nch_dma_init
    main.o(i.main) refers to fan.o(i.fan_init) for fan_init
    main.o(i.main) refers to motor.o(i.motor_init) for motor_init
    main.o(i.main) refers to wifi.o(i.esp8266_start) for esp8266_start
    main.o(i.main) refers to wifi.o(i.esp8266_link_aliyun) for esp8266_link_aliyun
    main.o(i.main) refers to mq.o(i.adc_dma_enable) for adc_dma_enable
    main.o(i.main) refers to main.o(i.sub_recv) for sub_recv
    main.o(i.main) refers to main.o(i.send_data) for send_data
    main.o(i.main) refers to main.o(i.data_get) for data_get
    main.o(i.main) refers to main.o(i.judge) for judge
[...]
    SDIO_IRQHandler                          0x08000227   Thumb Code     0  startup_stm32f103xe.o(.text)
    SPI1_IRQHandler                          0x08000227   Thumb Code     0  startup_stm32f103xe.o(.text)
    SPI2_IRQHandler                          0x08000227   Thumb Code     0  startup_stm32f103xe.o(.text)
    SPI3_IRQHandler                          0x08000227   Thumb Code     0  startup_stm32f103xe.o(.text)
    TAMPER_IRQHandler                        0x08000227   Thumb Code     0  startup_stm32f103xe.o(.text)
    TIM1_BRK_IRQHandler                      0x08000227   Thumb Code     0  startup_stm32f103xe.o(.text)
    TIM1_CC_IRQHandler                       0x08000227   Thumb Code     0  startup_stm32f103xe.o(.text)
    TIM1_TRG_COM_IRQHandler                  0x08000227   Thumb Code     0  startup_stm32f103xe.o(.text)
    TIM1_UP_IRQHandler                       0x08000227   Thumb Code     0  startup_stm32f103xe.o(.text)
    TIM2_IRQHandler                          0x08000227   Thumb Code     0  startup_stm32f103xe.o(.text)
    TIM3_IRQHandler                          0x08000227   Thumb Code     0  startup_stm32f103xe.o(.text)
    TIM4_IRQHandler                          0x08000227   Thumb Code     0  startup_stm32f103xe.o(.text)
    TIM5_IRQHandler                          0x08000227   Thumb Code     0  startup_stm32f103xe.o(.text)
    TIM6_IRQHandler                          0x08000227   Thumb Code     0  startup_stm32f103xe.o(.text)
    TIM7_IRQHandler                          0x08000227   Thumb Code     0  startup_stm32f103xe.o(.text)
    TIM8_BRK_IRQHandler                      0x08000227   Thumb Code     0  startup_stm32f103xe.o(.text)
    TIM8_CC_IRQHandler                       0x08000227   Thumb Code     0  startup_stm32f103xe.o(.text)
    TIM8_TRG_COM_IRQHandler                  0x08000227   Thumb Code     0  startup_stm32f103xe.o(.text)
    TIM8_UP_IRQHandler                       0x08000227   Thumb Code     0  startup_stm32f103xe.o(.text)
    UART4_IRQHandler                         0x08000227   Thumb Code     0  startup_stm32f103xe.o(.text)
    UART5_IRQHandler                         0x08000227   Thumb Code     0  startup_stm32f103xe.o(.text)
    USART1_IRQHandler                        0x08000227   Thumb Code     0  startup_stm32f103xe.o(.text)
    USART2_IRQHandler                        0x08000227   Thumb Code     0  startup_stm32f103xe.o(.text)
    USBWakeUp_IRQHandler                     0x08000227   Thumb Code     0  startup_stm32f103xe.o(.text)
    USB_HP_CAN1_TX_IRQHandler                0x08000227   Thumb Code     0  startup_stm32f103xe.o(.text)
    USB_LP_CAN1_RX0_IRQHandler               0x08000227   Thumb Code     0  startup_stm32f103xe.o(.text)
    WWDG_IRQHandler                          0x08000227   Thumb Code     0  startup_stm32f103xe.o(.text)
    __user_initial_stackheap                 0x08000229   Thumb Code     0  startup_stm32f103xe.o(.text)
    __use_no_semihosting                     0x0800024d   Thumb Code     2  use_no_semi_2.o(.text)
    malloc                                   0x0800024f   Thumb Code    94  h1_alloc.o(.text)
    free                                     0x080002ad   Thumb Code    78  h1_free.o(.text)
    realloc                                  0x080002fb   Thumb Code   184  h1_realloc.o(.text)
    tolower                                  0x080003b3   Thumb Code    26  tolower.o(.text)
    __2printf                                0x080003cd   Thumb Code    20  __2printf.o(.text)
    __2sprintf                               0x080003e5   Thumb Code    38  __2sprintf.o(.text)
    _printf_pre_padding                      0x08000411   Thumb Code    44  _printf_pad.o(.text)
    _printf_post_padding                     0x0800043d   Thumb Code    34  _printf_pad.o(.text)
    _printf_str                              0x0800045f   Thumb Code    82  _printf_str.o(.text)
    _printf_int_dec                          0x080004b1   Thumb Code   104  _printf_dec.o(.text)
    _printf_int_hex                          0x08000529   Thumb Code    84  _printf_hex_int.o(.text)
    _printf_longlong_hex                     0x08000529   Thumb Code     0  _printf_hex_int.o(.text)
    __printf                                 0x08000581   Thumb Code   308  __printf_flags_wp.o(.text)
    __0sscanf                                0x080006b9   Thumb Code    52  __0sscanf.o(.text)
    strchr                                   0x080006f5   Thumb Code    20  strchr.o(.text)
    strstr                                   0x08000709   Thumb Code    36  strstr.o(.text)
    strcpy                                   0x0800072d   Thumb Code    72  strcpy.o(.text)
    strrchr                                  0x08000775   Thumb Code    22  strrchr.o(.text)
    strlen                                   0x0800078b   Thumb Code    62  strlen.o(.text)
    strncmp                                  0x080007c9   Thumb Code   150  strncmp.o(.text)
    strcat                                   0x0800085f   Thumb Code    24  strcat.o(.text)
    __aeabi_memcpy                           0x08000877   Thumb Code     0  rt_memcpy_v6.o(.text)
    __rt_memcpy                              0x08000877   Thumb Code   138  rt_memcpy_v6.o(.text)
    _memcpy_lastbytes                        0x080008dd   Thumb Code     0  rt_memcpy_v6.o(.text)
    __aeabi_memcpy4                          0x08000901   Thumb Code     0  rt_memcpy_w.o(.text)
    __aeabi_memcpy8                          0x08000901   Thumb Code     0  rt_memcpy_w.o(.text)
    __rt_memcpy_w                            0x08000901   Thumb Code   100  rt_memcpy_w.o(.text)
    _memcpy_lastbytes_aligned                0x08000949   Thumb Code     0  rt_memcpy_w.o(.text)
    __aeabi_memclr                           0x08000965   Thumb Code     0  rt_memclr.o(.text)
    __rt_memclr                              0x08000965   Thumb Code    68  rt_memclr.o(.text)
    _memset                                  0x08000969   Thumb Code     0  rt_memclr.o(.text)
    __aeabi_memclr4                          0x080009a9   Thumb Code     0  rt_memclr_w.o(.text)
    __aeabi_memclr8                          0x080009a9   Thumb Code     0  rt_memclr_w.o(.text)
    __rt_memclr_w                            0x080009a9   Thumb Code    78  rt_memclr_w.o(.text)
    _memset_w                                0x080009ad   Thumb Code     0  rt_memclr_w.o(.text)
    strncpy                                  0x080009f7   Thumb Code    86  strncpy.o(.text)
    strcmp                                   0x08000a4d   Thumb Code   128  strcmpv7m.o(.text)
    __use_two_region_memory                  0x08000acd   Thumb Code     2  heapauxi.o(.text)
    __rt_heap_escrow                         0x08000acf   Thumb Code     2  heapauxi.o(.text)
    __rt_heap_expand                         0x08000ad1   Thumb Code     2  heapauxi.o(.text)
    __semihosting$guard                      0x08000ad3   Thumb Code     0  use_no_semi.o(.text)
    __use_no_semihosting_swi                 0x08000ad3   Thumb Code     2  use_no_semi.o(.text)
    __rt_ctype_table                         0x08000ad5   Thumb Code    16  rt_ctype_table.o(.text)
    __rt_heap_descriptor                     0x08000ae5   Thumb Code     8  rt_heap_descriptor_intlibspace.o(.text)
    __use_no_heap                            0x08000aed   Thumb Code     2  hguard.o(.text)
    __heap$guard                             0x08000aef   Thumb Code     2  hguard.o(.text)
    _terminate_user_alloc                    0x08000af1   Thumb Code     2  init_alloc.o(.text)
    _init_user_alloc                         0x08000af3   Thumb Code     2  init_alloc.o(.text)
    __Heap_Full                              0x08000af5   Thumb Code    34  init_alloc.o(.text)
    __Heap_Broken                            0x08000b17   Thumb Code     6  init_alloc.o(.text)
    _init_alloc                              0x08000b1d   Thumb Code    94  init_alloc.o(.text)
    __Heap_Initialize                        0x08000b7b   Thumb Code    10  h1_init.o(.text)
    __Heap_DescSize                          0x08000b85   Thumb Code     4  h1_init.o(.text)
    _printf_int_common                       0x08000b89   Thumb Code   178  _printf_intcommon.o(.text)
    __lib_sel_fp_printf                      0x08000c3b   Thumb Code     2  _printf_fp_dec.o(.text)
    _printf_fp_dec_real                      0x08000ded   Thumb Code   620  _printf_fp_dec.o(.text)
    _printf_char_common                      0x08001063   Thumb Code    32  _printf_char_common.o(.text)
    _sputc                                   0x08001089   Thumb Code    10  _sputc.o(.text)
    _printf_cs_common                        0x08001093   Thumb Code    20  _printf_char.o(.text)
    _printf_char                             0x080010a7   Thumb Code    16  _printf_char.o(.text)
    _printf_string                           0x080010b7   Thumb Code     8  _printf_char.o(.text)
    _printf_char_file                        0x080010c1   Thumb Code    32  _printf_char_file.o(.text)
    _scanf_really_real                       0x08001331   Thumb Code   684  scanf_fp.o(.text)
    __vfscanf_char                           0x080015e9   Thumb Code    24  scanf_char.o(.text)
    _sgetc                                   0x08001609   Thumb Code    30  _sgetc.o(.text)
    _sbackspace                              0x08001627   Thumb Code    34  _sgetc.o(.text)
    __strtod_int                             0x08001685   Thumb Code    90  strtod.o(.text)
    __user_libspace                          0x080016ed   Thumb Code     8  libspace.o(.text)
    __user_perproc_libspace                  0x080016ed   Thumb Code     0  libspace.o(.text)
    __user_perthread_libspace                0x080016ed   Thumb Code     0  libspace.o(.text)
    __rt_locale                              0x080016f5   Thumb Code     8  rt_locale_intlibspace.o(.text)
    __aeabi_errno_addr                       0x080016fd   Thumb Code     8  rt_errno_addr_intlibspace.o(.text)
    __errno$intlibspace                      0x080016fd   Thumb Code     0  rt_errno_addr_intlibspace.o(.text)
    __rt_errno_addr$intlibspace              0x080016fd   Thumb Code     0  rt_errno_addr_intlibspace.o(.text)
    __Heap_ProvideMemory                     0x08001705   Thumb Code    52  h1_extend.o(.text)
    _ll_udiv10                               0x08001739   Thumb Code   138  lludiv10.o(.text)
    isspace                                  0x080017c3   Thumb Code    18  isspace.o(.text)
    _printf_fp_infnan                        0x080017d5   Thumb Code   112  _printf_fp_infnan.o(.text)
    __vfscanf                                0x08001855   Thumb Code   880  _scanf.o(.text)
    _btod_etento                             0x08001bc9   Thumb Code   224  bigflt0.o(.text)
    ferror                                   0x08001cad   Thumb Code     8  ferror.o(.text)
    __rt_SIGRTMEM                            0x08001cb5   Thumb Code    14  defsig_rtmem_outer.o(.text)
    __user_setup_stackheap                   0x08001cc3   Thumb Code    74  sys_stackheap_outer.o(.text)
    __read_errno                             0x08001d0d   Thumb Code    10  _rserrno.o(.text)
    __set_errno                              0x08001d17   Thumb Code    12  _rserrno.o(.text)
    _scanf_really_hex_real                   0x08001d25   Thumb Code   786  scanf_hexfp.o(.text)
    _scanf_really_infnan                     0x08002045   Thumb Code   292  scanf_infnan.o(.text)
    exit                                     0x08002179   Thumb Code    18  exit.o(.text)
    __sig_exit                               0x0800218b   Thumb Code    10  defsig_exit.o(.text)
    __rt_SIGRTMEM_inner                      0x08002195   Thumb Code    22  defsig_rtmem_inner.o(.text)
    __aeabi_llsl                             0x080021e5   Thumb Code     0  llshl.o(.text)
    _ll_shift_l                              0x080021e5   Thumb Code    38  llshl.o(.text)
    _chval                                   0x0800220b   Thumb Code    28  _chval.o(.text)
    __default_signal_display                 0x08002227   Thumb Code    50  defsig_general.o(.text)
    _btod_d2e                                0x08002259   Thumb Code    62  btod.o(CL$$btod_d2e)
    _d2e_denorm_low                          0x08002297   Thumb Code    70  btod.o(CL$$btod_d2e_denorm_low)
    _d2e_norm_op1                            0x080022dd   Thumb Code    96  btod.o(CL$$btod_d2e_norm_op1)
    __btod_div_common                        0x0800233d   Thumb Code   696  btod.o(CL$$btod_div_common)
    _e2d                                     0x08002675   Thumb Code   122  btod.o(CL$$btod_e2d)
    _e2e                                     0x080026f9   Thumb Code   220  btod.o(CL$$btod_e2e)
    _btod_ediv                               0x080027d5   Thumb Code    42  btod.o(CL$$btod_ediv)
    _btod_edivd                              0x080027ff   Thumb Code    42  btod.o(CL$$btod_edivd)
    _btod_emul                               0x08002829   Thumb Code    42  btod.o(CL$$btod_emul)
    _btod_emuld                              0x08002853   Thumb Code    42  btod.o(CL$$btod_emuld)
    __btod_mult_common                       0x0800287d   Thumb Code   580  btod.o(CL$$btod_mult_common)
    ADC_ConversionStop_Disable               0x08002ac1   Thumb Code    82  stm32f1xx_hal_adc.o(i.ADC_ConversionStop_Disable)
    ADC_DMAConvCplt                          0x08002b13   Thumb Code    82  stm32f1xx_hal_adc.o(i.ADC_DMAConvCplt)
    ADC_DMAError                             0x08002b65   Thumb Code    30  stm32f1xx_hal_adc.o(i.ADC_DMAError)
    ADC_DMAHalfConvCplt                      0x08002b83   Thumb Code    14  stm32f1xx_hal_adc.o(i.ADC_DMAHalfConvCplt)
    ADC_Enable                               0x08002b91   Thumb Code   122  stm32f1xx_hal_adc.o(i.ADC_Enable)
    BusFault_Handler                         0x08002c15   Thumb Code     4  stm32f1xx_it.o(i.BusFault_Handler)
    DMA1_Channel1_IRQHandler                 0x08002c19   Thumb Code    34  mq.o(i.DMA1_Channel1_IRQHandler)
    DebugMon_Handler                         0x08002c71   Thumb Code     2  stm32f1xx_it.o(i.DebugMon_Handler)
    FSMC_NORSRAM_Extended_Timing_Init        0x08002c75   Thumb Code    62  stm32f1xx_ll_fsmc.o(i.FSMC_NORSRAM_Extended_Timing_Init)
    FSMC_NORSRAM_Init                        0x08002cb9   Thumb Code   116  stm32f1xx_ll_fsmc.o(i.FSMC_NORSRAM_Init)
    FSMC_NORSRAM_Timing_Init                 0x08002d31   Thumb Code    66  stm32f1xx_ll_fsmc.o(i.FSMC_NORSRAM_Timing_Init)
    HAL_ADCEx_Calibration_Start              0x08002d75   Thumb Code   256  stm32f1xx_hal_adc_ex.o(i.HAL_ADCEx_Calibration_Start)
    HAL_ADC_ConfigChannel                    0x08002e79   Thumb Code   338  stm32f1xx_hal_adc.o(i.HAL_ADC_ConfigChannel)
    HAL_ADC_ConvCpltCallback                 0x08002fd9   Thumb Code     2  stm32f1xx_hal_adc.o(i.HAL_ADC_ConvCpltCallback)
    HAL_ADC_ConvHalfCpltCallback             0x08002fdb   Thumb Code     2  stm32f1xx_hal_adc.o(i.HAL_ADC_ConvHalfCpltCallback)
    HAL_ADC_ErrorCallback                    0x08002fdd   Thumb Code     2  stm32f1xx_hal_adc.o(i.HAL_ADC_ErrorCallback)
    HAL_ADC_Init                             0x08002fe1   Thumb Code   340  stm32f1xx_hal_adc.o(i.HAL_ADC_Init)
    HAL_ADC_MspInit                          0x08003141   Thumb Code     2  stm32f1xx_hal_adc.o(i.HAL_ADC_MspInit)
    HAL_ADC_Start_DMA                        0x08003145   Thumb Code   362  stm32f1xx_hal_adc.o(i.HAL_ADC_Start_DMA)
    HAL_DMA_Abort_IT                         0x080032c5   Thumb Code   414  stm32f1xx_hal_dma.o(i.HAL_DMA_Abort_IT)
    HAL_DMA_Init                             0x0800346d   Thumb Code   132  stm32f1xx_hal_dma.o(i.HAL_DMA_Init)
    HAL_DMA_Start_IT                         0x080034f9   Thumb Code   156  stm32f1xx_hal_dma.o(i.HAL_DMA_Start_IT)
    HAL_GPIO_Init                            0x08003595   Thumb Code   792  stm32f1xx_hal_gpio.o(i.HAL_GPIO_Init)
    HAL_GPIO_ReadPin                         0x080038d5   Thumb Code    16  stm32f1xx_hal_gpio.o(i.HAL_GPIO_ReadPin)
    HAL_GPIO_WritePin                        0x080038e5   Thumb Code    12  stm32f1xx_hal_gpio.o(i.HAL_GPIO_WritePin)
    HAL_GetTick                              0x080038f1   Thumb Code     6  stm32f1xx_hal.o(i.HAL_GetTick)
    HAL_IncTick                              0x080038fd   Thumb Code    16  stm32f1xx_hal.o(i.HAL_IncTick)
    HAL_Init                                 0x08003915   Thumb Code    34  stm32f1xx_hal.o(i.HAL_Init)
    HAL_InitTick                             0x0800393d   Thumb Code    64  stm32f1xx_hal.o(i.HAL_InitTick)
    HAL_MspInit                              0x08003989   Thumb Code     2  stm32f1xx_hal.o(i.HAL_MspInit)
    HAL_NVIC_EnableIRQ                       0x0800398b   Thumb Code    32  stm32f1xx_hal_cortex.o(i.HAL_NVIC_EnableIRQ)
    HAL_NVIC_SetPriority                     0x080039ab   Thumb Code   124  stm32f1xx_hal_cortex.o(i.HAL_NVIC_SetPriority)
    HAL_NVIC_SetPriorityGrouping             0x08003a29   Thumb Code    32  stm32f1xx_hal_cortex.o(i.HAL_NVIC_SetPriorityGrouping)
    HAL_RCCEx_GetPeriphCLKFreq               0x08003a51   Thumb Code   276  stm32f1xx_hal_rcc_ex.o(i.HAL_RCCEx_GetPeriphCLKFreq)
    HAL_RCCEx_PeriphCLKConfig                0x08003b85   Thumb Code   290  stm32f1xx_hal_rcc_ex.o(i.HAL_RCCEx_PeriphCLKConfig)
    HAL_RCC_ClockConfig                      0x08003cb5   Thumb Code   376  stm32f1xx_hal_rcc.o(i.HAL_RCC_ClockConfig)
    HAL_RCC_GetHCLKFreq                      0x08003e41   Thumb Code     6  stm32f1xx_hal_rcc.o(i.HAL_RCC_GetHCLKFreq)
    HAL_RCC_GetPCLK1Freq                     0x08003e4d   Thumb Code    22  stm32f1xx_hal_rcc.o(i.HAL_RCC_GetPCLK1Freq)
    HAL_RCC_GetPCLK2Freq                     0x08003e6d   Thumb Code    22  stm32f1xx_hal_rcc.o(i.HAL_RCC_GetPCLK2Freq)
    HAL_RCC_GetSysClockFreq                  0x08003e8d   Thumb Code   116  stm32f1xx_hal_rcc.o(i.HAL_RCC_GetSysClockFreq)
    HAL_RCC_OscConfig                        0x08003f21   Thumb Code  1114  stm32f1xx_hal_rcc.o(i.HAL_RCC_OscConfig)
    HAL_SRAM_Init                            0x08004385   Thumb Code   102  stm32f1xx_hal_sram.o(i.HAL_SRAM_Init)
    HAL_SRAM_MspInit                         0x080043ed   Thumb Code   130  lcd.o(i.HAL_SRAM_MspInit)
    HAL_SYSTICK_Config                       0x0800447d   Thumb Code    52  stm32f1xx_hal_cortex.o(i.HAL_SYSTICK_Config)
    HAL_UART_ErrorCallback                   0x080044b1   Thumb Code     2  stm32f1xx_hal_uart.o(i.HAL_UART_ErrorCallback)
    HAL_UART_IRQHandler                      0x080044b5   Thumb Code   334  stm32f1xx_hal_uart.o(i.HAL_UART_IRQHandler)
    HAL_UART_Init                            0x08004609   Thumb Code   114  stm32f1xx_hal_uart.o(i.HAL_UART_Init)
    HAL_UART_MspInit                         0x0800467d   Thumb Code   168  usart.o(i.HAL_UART_MspInit)
    HAL_UART_Receive_IT                      0x08004731   Thumb Code   112  stm32f1xx_hal_uart.o(i.HAL_UART_Receive_IT)
    HAL_UART_RxCpltCallback                  0x080047a1   Thumb Code    82  usart.o(i.HAL_UART_RxCpltCallback)
    HAL_UART_TxCpltCallback                  0x0800480d   Thumb Code     2  stm32f1xx_hal_uart.o(i.HAL_UART_TxCpltCallback)
    HardFault_Handler                        0x08004811   Thumb Code    32  stm32f1xx_it.o(i.HardFault_Handler)
    MemManage_Handler                        0x0800483d   Thumb Code     4  stm32f1xx_it.o(i.MemManage_Handler)
    NMI_Handler                              0x08004841   Thumb Code     2  stm32f1xx_it.o(i.NMI_Handler)
    PendSV_Handler                           0x08004843   Thumb Code     2  stm32f1xx_it.o(i.PendSV_Handler)
    SVC_Handler                              0x0800486d   Thumb Code     2  stm32f1xx_it.o(i.SVC_Handler)
    SysTick_Handler                          0x0800486f   Thumb Code     8  stm32f1xx_it.o(i.SysTick_Handler)
    SystemInit                               0x08004877   Thumb Code     2  system_stm32f1xx.o(i.SystemInit)
    USART3_IRQHandler                        0x08004ac9   Thumb Code    84  usart.o(i.USART3_IRQHandler)
    UsageFault_Handler                       0x08004b39   Thumb Code     4  stm32f1xx_it.o(i.UsageFault_Handler)
    __ARM_fpclassify                         0x08004b3d   Thumb Code    40  fpclassify.o(i.__ARM_fpclassify)
    __mathlib_dbl_overflow                   0x08004b9d   Thumb Code    14  dunder.o(i.__mathlib_dbl_overflow)
    __mathlib_dbl_underflow                  0x08004bad   Thumb Code    10  dunder.o(i.__mathlib_dbl_underflow)
    __mathlib_narrow                         0x08004bbd   Thumb Code    16  narrow.o(i.__mathlib_narrow)
    __mathlib_tofloat                        0x08004bcd   Thumb Code   184  narrow.o(i.__mathlib_tofloat)
    __support_ldexp                          0x08004c89   Thumb Code    22  ldexp.o(i.__support_ldexp)
    _is_digit                                0x08004c9f   Thumb Code    14  __printf_wp.o(i._is_digit)
    _sys_exit                                0x08004cad   Thumb Code     4  usart.o(i._sys_exit)
    _ttywrch                                 0x08004cb1   Thumb Code     4  usart.o(i._ttywrch)
    adc_dma_enable                           0x08004cb5   Thumb Code    76  mq.o(i.adc_dma_enable)
    adc_nch_dma_init                         0x08004d09   Thumb Code   316  mq.o(i.adc_nch_dma_init)
    add_escape_char                          0x08004e5d   Thumb Code    70  wifi.o(i.add_escape_char)
    cJSON_AddNumberToObject                  0x08004f9d   Thumb Code    56  cjson.o(i.cJSON_AddNumberToObject)
    cJSON_CreateNumber                       0x08004fd9   Thumb Code    82  cjson.o(i.cJSON_CreateNumber)
    cJSON_CreateObject                       0x0800503d   Thumb Code    20  cjson.o(i.cJSON_CreateObject)
    cJSON_Delete                             0x08005055   Thumb Code    84  cjson.o(i.cJSON_Delete)
    cJSON_GetObjectItemCaseSensitive         0x080050ad   Thumb Code    18  cjson.o(i.cJSON_GetObjectItemCaseSensitive)
    cJSON_Parse                              0x080050d9   Thumb Code    16  cjson.o(i.cJSON_Parse)
    cJSON_ParseWithLengthOpts                0x080050e9   Thumb Code   204  cjson.o(i.cJSON_ParseWithLengthOpts)
    cJSON_ParseWithOpts                      0x080051bd   Thumb Code    40  cjson.o(i.cJSON_ParseWithOpts)
    cJSON_PrintUnformatted                   0x080051e5   Thumb Code    16  cjson.o(i.cJSON_PrintUnformatted)
    data_get                                 0x080052f1   Thumb Code   556  main.o(i.data_get)
    delay_init                               0x0800555d   Thumb Code     6  delay.o(i.delay_init)
    delay_ms                                 0x08005569   Thumb Code    18  delay.o(i.delay_ms)
    delay_us                                 0x0800557d   Thumb Code    68  delay.o(i.delay_us)
    dht11_check                              0x080055c5   Thumb Code    82  dht11.o(i.dht11_check)
    dht11_init                               0x0800561d   Thumb Code    72  dht11.o(i.dht11_init)
    dht11_read_bit                           0x0800566d   Thumb Code    88  dht11.o(i.dht11_read_bit)
    dht11_read_byte                          0x080056c9   Thumb Code    30  dht11.o(i.dht11_read_byte)
    dht11_read_data                          0x080056e7   Thumb Code    88  dht11.o(i.dht11_read_data)
    escape_quotes                            0x0800582d   Thumb Code    76  wifi.o(i.escape_quotes)
    esp8266_link_aliyun                      0x08005879   Thumb Code   100  wifi.o(i.esp8266_link_aliyun)
    esp8266_send_AT_cmd_and_check            0x080058f1   Thumb Code   154  wifi.o(i.esp8266_send_AT_cmd_and_check)
    esp8266_start                            0x080059a5   Thumb Code    94  wifi.o(i.esp8266_start)
    esp_send_sta_al                          0x08005a69   Thumb Code    96  wifi.o(i.esp_send_sta_al)
    extractJsonString_a                      0x08005add   Thumb Code    70  wifi.o(i.extractJsonString_a)
    extractJsonString_b                      0x08005b23   Thumb Code    56  wifi.o(i.extractJsonString_b)
    fan_init                                 0x08005b5d   Thumb Code   100  fan.o(i.fan_init)
    fputc                                    0x08005bc9   Thumb Code    24  usart.o(i.fputc)
    frexp                                    0x08005be5   Thumb Code    80  frexp.o(i.frexp)
    judge                                    0x08005c95   Thumb Code   402  main.o(i.judge)
    lcd_clear                                0x08005ea1   Thumb Code    42  lcd.o(i.lcd_clear)
    lcd_display_dir                          0x08005ed5   Thumb Code   360  lcd.o(i.lcd_display_dir)
    lcd_draw_point                           0x08006041   Thumb Code    26  lcd.o(i.lcd_draw_point)
    lcd_ex_ili9341_reginit                   0x08006061   Thumb Code   556  lcd.o(i.lcd_ex_ili9341_reginit)
    lcd_ex_ili9806_reginit                   0x0800628d   Thumb Code   832  lcd.o(i.lcd_ex_ili9806_reginit)
    lcd_ex_nt35310_reginit                   0x080065cd   Thumb Code  3826  lcd.o(i.lcd_ex_nt35310_reginit)
    lcd_ex_nt35510_reginit                   0x080074bf   Thumb Code  3836  lcd.o(i.lcd_ex_nt35510_reginit)
    lcd_ex_ssd1963_reginit                   0x080083bb   Thumb Code   366  lcd.o(i.lcd_ex_ssd1963_reginit)
    lcd_ex_st7789_reginit                    0x08008529   Thumb Code   424  lcd.o(i.lcd_ex_st7789_reginit)
    lcd_ex_st7796_reginit                    0x080086d1   Thumb Code   454  lcd.o(i.lcd_ex_st7796_reginit)
    lcd_init                                 0x08008899   Thumb Code  1098  lcd.o(i.lcd_init)
    lcd_scan_dir                             0x08008d29   Thumb Code   568  lcd.o(i.lcd_scan_dir)
    lcd_set_cursor                           0x08008f65   Thumb Code   282  lcd.o(i.lcd_set_cursor)
    lcd_show_char                            0x08009085   Thumb Code   294  lcd.o(i.lcd_show_char)
    lcd_show_num                             0x080091c5   Thumb Code   152  lcd.o(i.lcd_show_num)
    lcd_show_string                          0x0800925d   Thumb Code   106  lcd.o(i.lcd_show_string)
    lcd_show_xnum                            0x080092c7   Thumb Code   198  lcd.o(i.lcd_show_xnum)
    lcd_ssd_backlight_set                    0x0800938d   Thumb Code    80  lcd.o(i.lcd_ssd_backlight_set)
    lcd_wr_data                              0x080093e1   Thumb Code    18  lcd.o(i.lcd_wr_data)
    lcd_wr_regno                             0x080093f9   Thumb Code    18  lcd.o(i.lcd_wr_regno)
    lcd_write_ram_prepare                    0x08009411   Thumb Code    10  lcd.o(i.lcd_write_ram_prepare)
    lcd_write_reg                            0x08009425   Thumb Code    10  lcd.o(i.lcd_write_reg)
    ldexp                                    0x08009435   Thumb Code   116  ldexp.o(i.ldexp)
    led_init                                 0x080094a9   Thumb Code    76  led.o(i.led_init)
    main                                     0x080094fd   Thumb Code   708  main.o(i.main)
    motor_init                               0x080098d5   Thumb Code   152  motor.o(i.motor_init)
    motor_judge                              0x08009975   Thumb Code   104  main.o(i.motor_judge)
    motor_start_four_bat                     0x080099ed   Thumb Code   140  motor.o(i.motor_start_four_bat)
    motor_start_four_bat_toggle              0x08009a7d   Thumb Code   140  motor.o(i.motor_start_four_bat_toggle)
    send_data                                0x0800a855   Thumb Code   266  main.o(i.send_data)
    strtod                                   0x0800a9f5   Thumb Code    28  strtod.o(i.strtod)
    sub_recv                                 0x0800aa11   Thumb Code   502  main.o(i.sub_recv)
    sys_stm32_clock_init                     0x0800acb7   Thumb Code   102  sys.o(i.sys_stm32_clock_init)
    usart_init                               0x0800ad41   Thumb Code    86  usart.o(i.usart_init)
    _get_lc_ctype                            0x0800aed1   Thumb Code    44  lc_ctype_c.o(locale$$code)
    _get_lc_numeric                          0x0800aefd   Thumb Code    44  lc_numeric_c.o(locale$$code)
    __aeabi_d2f                              0x0800af29   Thumb Code     0  d2f.o(x$fpl$d2f)
    _d2f                                     0x0800af29   Thumb Code    98  d2f.o(x$fpl$d2f)
    __aeabi_dadd                             0x0800af8d   Thumb Code     0  daddsub_clz.o(x$fpl$dadd)
    _dadd                                    0x0800af8d   Thumb Code   332  daddsub_clz.o(x$fpl$dadd)
    __fpl_dcheck_NaN1                        0x0800b0dd   Thumb Code    10  dcheck1.o(x$fpl$dcheck1)
    __fpl_dcmp_Inf                           0x0800b0ed   Thumb Code    24  dcmpi.o(x$fpl$dcmpinf)
    __aeabi_cdcmpeq                          0x0800b105   Thumb Code     0  deqf.o(x$fpl$deqf)
    _dcmpeq                                  0x0800b105   Thumb Code   120  deqf.o(x$fpl$deqf)
    __aeabi_d2iz                             0x0800b17d   Thumb Code     0  dfix.o(x$fpl$dfix)
    _dfix                                    0x0800b17d   Thumb Code    94  dfix.o(x$fpl$dfix)
    __aeabi_d2uiz                            0x0800b1dd   Thumb Code     0  dfixu.o(x$fpl$dfixu)
    _dfixu                                   0x0800b1dd   Thumb Code    90  dfixu.o(x$fpl$dfixu)
    __aeabi_i2d                              0x0800b237   Thumb Code     0  dflt_clz.o(x$fpl$dflt)
    _dflt                                    0x0800b237   Thumb Code    46  dflt_clz.o(x$fpl$dflt)
    __aeabi_ui2d                             0x0800b265   Thumb Code     0  dflt_clz.o(x$fpl$dfltu)
    _dfltu                                   0x0800b265   Thumb Code    38  dflt_clz.o(x$fpl$dfltu)
    __aeabi_cdcmple                          0x0800b28d   Thumb Code     0  dleqf.o(x$fpl$dleqf)
    _dcmple                                  0x0800b28d   Thumb Code   120  dleqf.o(x$fpl$dleqf)
    __fpl_dcmple_InfNaN                      0x0800b2ef   Thumb Code     0  dleqf.o(x$fpl$dleqf)
    __aeabi_dmul                             0x0800b305   Thumb Code     0  dmul.o(x$fpl$dmul)
    _dmul                                    0x0800b305   Thumb Code   332  dmul.o(x$fpl$dmul)
    __fpl_dnaninf                            0x0800b459   Thumb Code   156  dnaninf.o(x$fpl$dnaninf)
    __fpl_dretinf                            0x0800b4f5   Thumb Code    12  dretinf.o(x$fpl$dretinf)
    __aeabi_cdrcmple                         0x0800b501   Thumb Code     0  drleqf.o(x$fpl$drleqf)
    _drcmple                                 0x0800b501   Thumb Code   108  drleqf.o(x$fpl$drleqf)
    __aeabi_dsub                             0x0800b56d   Thumb Code     0  daddsub_clz.o(x$fpl$dsub)
    _dsub                                    0x0800b56d   Thumb Code   464  daddsub_clz.o(x$fpl$dsub)
    __aeabi_f2d                              0x0800b741   Thumb Code     0  f2d.o(x$fpl$f2d)
    _f2d                                     0x0800b741   Thumb Code    86  f2d.o(x$fpl$f2d)
    __aeabi_fadd                             0x0800b799   Thumb Code     0  faddsub_clz.o(x$fpl$fadd)
    _fadd                                    0x0800b799   Thumb Code   196  faddsub_clz.o(x$fpl$fadd)
    __aeabi_fdiv                             0x0800b85d   Thumb Code     0  fdiv.o(x$fpl$fdiv)
    _fdiv                                    0x0800b85d   Thumb Code   384  fdiv.o(x$fpl$fdiv)
    __aeabi_f2uiz                            0x0800b9e1   Thumb Code     0  ffixu.o(x$fpl$ffixu)
    _ffixu                                   0x0800b9e1   Thumb Code    62  ffixu.o(x$fpl$ffixu)
    __aeabi_ui2f                             0x0800ba21   Thumb Code     0  fflt_clz.o(x$fpl$ffltu)
    _ffltu                                   0x0800ba21   Thumb Code    38  fflt_clz.o(x$fpl$ffltu)
    __aeabi_fmul                             0x0800ba49   Thumb Code     0  fmul.o(x$fpl$fmul)
    _fmul                                    0x0800ba49   Thumb Code   258  fmul.o(x$fpl$fmul)
    __fpl_fnaninf                            0x0800bb4b   Thumb Code   140  fnaninf.o(x$fpl$fnaninf)
    __fpl_fretinf                            0x0800bbd7   Thumb Code    10  fretinf.o(x$fpl$fretinf)
    __aeabi_frsub                            0x0800bbe1   Thumb Code     0  faddsub_clz.o(x$fpl$frsb)
    _frsb                                    0x0800bbe1   Thumb Code    20  faddsub_clz.o(x$fpl$frsb)
    __aeabi_fsub                             0x0800bbf5   Thumb Code     0  faddsub_clz.o(x$fpl$fsub)
    _fsub                                    0x0800bbf5   Thumb Code   234  faddsub_clz.o(x$fpl$fsub)
    __ieee_status                            0x0800bcdf   Thumb Code     6  istatus.o(x$fpl$ieeestatus)
    _printf_fp_dec                           0x0800bce5   Thumb Code     4  printf1.o(x$fpl$printf1)
    __fpl_return_NaN                         0x0800bce9   Thumb Code   100  retnan.o(x$fpl$retnan)
    __ARM_scalbn                             0x0800bd4d   Thumb Code    92  scalbn.o(x$fpl$scalbn)
    _scanf_real                              0x0800bda9   Thumb Code     4  scanf1.o(x$fpl$scanf1)
    _scanf_hex_real                          0x0800bdad   Thumb Code     4  scanf2.o(x$fpl$scanf2)
    _scanf_infnan                            0x0800bdb1   Thumb Code     4  scanf2.o(x$fpl$scanf2)
    __fpl_cmpreturn                          0x0800bdb5   Thumb Code    48  trapv.o(x$fpl$trapveneer)
    AHBPrescTable                            0x0800bde4   Data          16  system_stm32f1xx.o(.constdata)
    __I$use$fp                               0x0800bde4   Number         0  usenofp.o(x$fpl$usenofp)
    APBPrescTable                            0x0800bdf4   Data           8  system_stm32f1xx.o(.constdata)
    asc2_1206                                0x0800bdfc   Data        1140  lcd.o(.constdata)
    asc2_1608                                0x0800c270   Data        1520  lcd.o(.constdata)
    asc2_2412                                0x0800c860   Data        3420  lcd.o(.constdata)
    asc2_3216                                0x0800d5bc   Data        6080  lcd.o(.constdata)
    Region$$Table$$Base                      0x0800f1c0   Number         0  anon$$obj.o(Region$$Table)
    Region$$Table$$Limit                     0x0800f1e0   Number         0  anon$$obj.o(Region$$Table)
    __aeabi_HUGE_VAL                         0x0800f1e0   Data           0  fpconst.o(c$$dinf)
    __aeabi_HUGE_VALL                        0x0800f1e0   Data           0  fpconst.o(c$$dinf)
    __aeabi_INFINITY                         0x0800f1e0   Data           0  fpconst.o(c$$dinf)
    __dInf                                   0x0800f1e0   Data           0  fpconst.o(c$$dinf)
    __huge_val                               0x0800f1e0   Data           0  fpconst.o(c$$dinf)
    __dbl_max                                0x0800f1e8   Data           0  fpconst.o(c$$dmax)
    __ctype                                  0x0800f1fd   Data           0  lc_ctype_c.o(locale$$data)
    temperature                              0x20000000   Data           1  main.o(.data)
    humidity                                 0x20000001   Data           1  main.o(.data)
    g_dht11_sta                              0x20000002   Data           1  main.o(.data)
    mq135_ppm                                0x20000004   Data           2  main.o(.data)
    mq9_ppm                                  0x20000006   Data           2  main.o(.data)
    alarm                                    0x20000008   Data           1  main.o(.data)
    window                                   0x20000009   Data           1  main.o(.data)
    heating                                  0x2000000a   Data           1  main.o(.data)
    bluefan                                  0x2000000b   Data           1  main.o(.data)
    redfan                                   0x2000000c   Data           1  main.o(.data)
    MANAL_MODE                               0x2000000d   Data           1  main.o(.data)
    SystemCoreClock                          0x20000010   Data           4  system_stm32f1xx.o(.data)
    __stdout                                 0x20000018   Data           4  usart.o(.data)
    g_usart_rx_sta                           0x2000001c   Data           2  usart.o(.data)
    g_usart_rx_recv_sta                      0x2000001e   Data           2  usart.o(.data)
    g_rx_buffer                              0x20000020   Data           1  usart.o(.data)
    uwTick                                   0x20000024   Data           4  stm32f1xx_hal.o(.data)
    uwTickPrio                               0x20000028   Data           4  stm32f1xx_hal.o(.data)
    uwTickFreq                               0x2000002c   Data           1  stm32f1xx_hal.o(.data)
    g_point_color                            0x20000030   Data           4  lcd.o(.data)
    g_back_color                             0x20000034   Data           4  lcd.o(.data)
    g_window                                 0x20000038   Data           1  motor.o(.data)
    g_adc_dma_sta                            0x20000039   Data           1  mq.o(.data)
    g_adc_dma_buf                            0x20000050   Data         200  main.o(.bss)
    g_usart_rx_buf                           0x20000118   Data         512  usart.o(.bss)
    g_usart_rx_recv_buf                      0x20000318   Data         512  usart.o(.bss)
    g_uart3_handle                           0x20000518   Data          64  usart.o(.bss)
    g_sram_handle                            0x20000558   Data          72  lcd.o(.bss)
    lcddev                                   0x200005a0   Data          14  lcd.o(.bss)
    g_dma_nch_adc_handle                     0x200005b0   Data          68  mq.o(.bss)
    g_adc_nch_dma_handle                     0x200005f4   Data          48  mq.o(.bss)
    __libspace_start                         0x20000624   Data          96  libspace.o(.bss)
    __temporary_stack_top$libspace           0x20000684   Data           0  libspace.o(.bss)



==============================================================================

Memory Map of the image

  Image Entry point : 0x08000131

  Load Region LR_IROM1 (Base: 0x08000000, Size: 0x0000f36c, Max: 0x00080000, ABSOLUTE)

    Execution Region ER_IROM1 (Exec base: 0x08000000, Load base: 0x08000000, Size: 0x0000f31c, Max: 0x00080000, ABSOLUTE)

    Exec Addr    Load Addr    Size         Type   Attr      Idx    E Section Name        Object

    0x08000000   0x08000000   0x00000130   Data   RO            3    RESET               startup_stm32f103xe.o
    0x08000130   0x08000130   0x00000008   Code   RO         3922  * !!!main             c_w.l(__main.o)
    0x08000138   0x08000138   0x00000034   Code   RO         4342    !!!scatter          c_w.l(__scatter.o)
    0x0800016c   0x0800016c   0x0000001a   Code   RO         4344    !!handler_copy      c_w.l(__scatter_copy.o)
    0x08000186   0x08000186   0x00000002   PAD
    0x08000188   0x08000188   0x0000001c   Code   RO         4346    !!handler_zi        c_w.l(__scatter_zi.o)
    0x080001a4   0x080001a4   0x00000000   Code   RO         3891    .ARM.Collect$$_printf_percent$$00000000  c_w.l(_printf_percent.o)
    0x080001a4   0x080001a4   0x00000006   Code   RO         3890    .ARM.Collect$$_printf_percent$$00000005  c_w.l(_printf_g.o)
    0x080001aa   0x080001aa   0x00000006   Code   RO         3889    .ARM.Collect$$_printf_percent$$00000009  c_w.l(_printf_d.o)
    0x080001b0   0x080001b0   0x00000006   Code   RO         3887    .ARM.Collect$$_printf_percent$$0000000C  c_w.l(_printf_x.o)
    0x080001b6   0x080001b6   0x00000006   Code   RO         3886    .ARM.Collect$$_printf_percent$$00000014  c_w.l(_printf_s.o)
    0x080001bc   0x080001bc   0x00000004   Code   RO         4030    .ARM.Collect$$_printf_percent$$00000017  c_w.l(_printf_percent_end.o)
    0x080001c0   0x080001c0   0x00000002   Code   RO         4236    .ARM.Collect$$libinit$$00000000  c_w.l(libinit.o)
    0x080001c2   0x080001c2   0x00000000   Code   RO         4042    .ARM.Collect$$libinit$$00000002  c_w.l(libinit2.o)
    0x080001c2   0x080001c2   0x00000000   Code   RO         4044    .ARM.Collect$$libinit$$00000004  c_w.l(libinit2.o)
    0x080001c2   0x080001c2   0x00000008   Code   RO         4045    .ARM.Collect$$libinit$$00000005  c_w.l(libinit2.o)
    0x080001ca   0x080001ca   0x00000000   Code   RO         4047    .ARM.Collect$$libinit$$0000000A  c_w.l(libinit2.o)
    0x080001ca   0x080001ca   0x00000000   Code   RO         4049    .ARM.Collect$$libinit$$0000000C  c_w.l(libinit2.o)
    0x080001ca   0x080001ca   0x00000000   Code   RO         4051    .ARM.Collect$$libinit$$0000000E  c_w.l(libinit2.o)
    0x080001ca   0x080001ca   0x00000006   Code   RO         4052    .ARM.Collect$$libinit$$0000000F  c_w.l(libinit2.o)
    0x080001d0   0x080001d0   0x00000000   Code   RO         4054    .ARM.Collect$$libinit$$00000011  c_w.l(libinit2.o)
    0x080001d0   0x080001d0   0x0000000c   Code   RO         4055    .ARM.Collect$$libinit$$00000012  c_w.l(libinit2.o)
    0x080001dc   0x080001dc   0x00000000   Code   RO         4056    .ARM.Collect$$libinit$$00000013  c_w.l(libinit2.o)
    0x080001dc   0x080001dc   0x00000000   Code   RO         4058    .ARM.Collect$$libinit$$00000015  c_w.l(libinit2.o)
    0x080001dc   0x080001dc   0x0000000a   Code   RO         4059    .ARM.Collect$$libinit$$00000016  c_w.l(libinit2.o)
    0x080001e6   0x080001e6   0x00000000   Code   RO         4060    .ARM.Collect$$libinit$$00000017  c_w.l(libinit2.o)
    0x080001e6   0x080001e6   0x00000000   Code   RO         4062    .ARM.Collect$$libinit$$00000019  c_w.l(libinit2.o)
    0x080001e6   0x080001e6   0x00000000   Code   RO         4064    .ARM.Collect$$libinit$$0000001B  c_w.l(libinit2.o)
    0x080001e6   0x080001e6   0x00000000   Code   RO         4066    .ARM.Collect$$libinit$$0000001D  c_w.l(libinit2.o)
    0x080001e6   0x080001e6   0x00000000   Code   RO         4068    .ARM.Collect$$libinit$$0000001F  c_w.l(libinit2.o)
    0x080001e6   0x080001e6   0x00000000   Code   RO         4070    .ARM.Collect$$libinit$$00000021  c_w.l(libinit2.o)
    0x080001e6   0x080001e6   0x00000000   Code   RO         4072    .ARM.Collect$$libinit$$00000023  c_w.l(libinit2.o)
    0x080001e6   0x080001e6   0x00000000   Code   RO         4074    .ARM.Collect$$libinit$$00000025  c_w.l(libinit2.o)
    0x080001e6   0x080001e6   0x00000000   Code   RO         4078    .ARM.Collect$$libinit$$0000002C  c_w.l(libinit2.o)
    0x080001e6   0x080001e6   0x00000000   Code   RO         4080    .ARM.Collect$$libinit$$0000002E  c_w.l(libinit2.o)
    0x080001e6   0x080001e6   0x00000000   Code   RO         4082    .ARM.Collect$$libinit$$00000030  c_w.l(libinit2.o)
    0x080001e6   0x080001e6   0x00000000   Code   RO         4084    .ARM.Collect$$libinit$$00000032  c_w.l(libinit2.o)
    0x080001e6   0x080001e6   0x00000002   Code   RO         4085    .ARM.Collect$$libinit$$00000033  c_w.l(libinit2.o)
    0x080001e8   0x080001e8   0x00000002   Code   RO         4331    .ARM.Collect$$libshutdown$$00000000  c_w.l(libshutdown.o)
    0x080001ea   0x080001ea   0x00000000   Code   RO         4256    .ARM.Collect$$libshutdown$$00000002  c_w.l(libshutdown2.o)
    0x080001ea   0x080001ea   0x00000000   Code   RO         4258    .ARM.Collect$$libshutdown$$00000004  c_w.l(libshutdown2.o)
    0x080001ea   0x080001ea   0x00000000   Code   RO         4260    .ARM.Collect$$libshutdown$$00000006  c_w.l(libshutdown2.o)
    0x080001ea   0x080001ea   0x00000000   Code   RO         4263    .ARM.Collect$$libshutdown$$00000009  c_w.l(libshutdown2.o)
    0x080001ea   0x080001ea   0x00000000   Code   RO         4266    .ARM.Collect$$libshutdown$$0000000C  c_w.l(libshutdown2.o)
    0x080001ea   0x080001ea   0x00000000   Code   RO         4268    .ARM.Collect$$libshutdown$$0000000E  c_w.l(libshutdown2.o)
    0x080001ea   0x080001ea   0x00000000   Code   RO         4271    .ARM.Collect$$libshutdown$$00000011  c_w.l(libshutdown2.o)
    0x080001ea   0x080001ea   0x00000002   Code   RO         4272    .ARM.Collect$$libshutdown$$00000012  c_w.l(libshutdown2.o)
    0x080001ec   0x080001ec   0x00000000   Code   RO         3990    .ARM.Collect$$rtentry$$00000000  c_w.l(__rtentry.o)
    0x080001ec   0x080001ec   0x00000000   Code   RO         4101    .ARM.Collect$$rtentry$$00000002  c_w.l(__rtentry2.o)
    0x080001ec   0x080001ec   0x00000006   Code   RO         4113    .ARM.Collect$$rtentry$$00000004  c_w.l(__rtentry4.o)
    0x080001f2   0x080001f2   0x00000000   Code   RO         4103    .ARM.Collect$$rtentry$$00000009  c_w.l(__rtentry2.o)
    0x080001f2   0x080001f2   0x00000004   Code   RO         4104    .ARM.Collect$$rtentry$$0000000A  c_w.l(__rtentry2.o)
    0x080001f6   0x080001f6   0x00000000   Code   RO         4106    .ARM.Collect$$rtentry$$0000000C  c_w.l(__rtentry2.o)
    0x080001f6   0x080001f6   0x00000008   Code   RO         4107    .ARM.Collect$$rtentry$$0000000D  c_w.l(__rtentry2.o)
    0x080001fe   0x080001fe   0x00000002   Code   RO         4241    .ARM.Collect$$rtexit$$00000000  c_w.l(rtexit.o)
    0x08000200   0x08000200   0x00000000   Code   RO         4288    .ARM.Collect$$rtexit$$00000002  c_w.l(rtexit2.o)
    0x08000200   0x08000200   0x00000004   Code   RO         4289    .ARM.Collect$$rtexit$$00000003  c_w.l(rtexit2.o)
    0x08000204   0x08000204   0x00000006   Code   RO         4290    .ARM.Collect$$rtexit$$00000004  c_w.l(rtexit2.o)
    0x0800020a   0x0800020a   0x00000002   PAD
    0x0800020c   0x0800020c   0x00000000   Code   RO         4127    .emb_text           c_w.l(maybetermalloc1.o)
    0x0800020c   0x0800020c   0x00000040   Code   RO            4    .text               startup_stm32f103xe.o
    0x0800024c   0x0800024c   0x00000002   Code   RO         3757    .text               c_w.l(use_no_semi_2.o)
    0x0800024e   0x0800024e   0x0000005e   Code   RO         3765    .text               c_w.l(h1_alloc.o)
    0x080002ac   0x080002ac   0x0000004e   Code   RO         3767    .text               c_w.l(h1_free.o)
    0x080002fa   0x080002fa   0x000000b8   Code   RO         3769    .text               c_w.l(h1_realloc.o)
    0x080003b2   0x080003b2   0x0000001a   Code   RO         3827    .text               c_w.l(tolower.o)
    0x080003cc   0x080003cc   0x00000018   Code   RO         3829    .text               c_w.l(__2printf.o)
    0x080003e4   0x080003e4   0x0000002c   Code   RO         3831    .text               c_w.l(__2sprintf.o)
    0x08000410   0x08000410   0x0000004e   Code   RO         3839    .text               c_w.l(_printf_pad.o)
    0x0800045e   0x0800045e   0x00000052   Code   RO         3841    .text               c_w.l(_printf_str.o)
    0x080004b0   0x080004b0   0x00000078   Code   RO         3843    .text               c_w.l(_printf_dec.o)
    0x08000528   0x08000528   0x00000058   Code   RO         3848    .text               c_w.l(_printf_hex_int.o)
    0x08000580   0x08000580   0x00000138   Code   RO         3878    .text               c_w.l(__printf_flags_wp.o)
    0x080006b8   0x080006b8   0x0000003c   Code   RO         3892    .text               c_w.l(__0sscanf.o)
    0x080006f4   0x080006f4   0x00000014   Code   RO         3894    .text               c_w.l(strchr.o)
    0x08000708   0x08000708   0x00000024   Code   RO         3896    .text               c_w.l(strstr.o)
    0x0800072c   0x0800072c   0x00000048   Code   RO         3898    .text               c_w.l(strcpy.o)
    0x08000774   0x08000774   0x00000016   Code   RO         3900    .text               c_w.l(strrchr.o)
    0x0800078a   0x0800078a   0x0000003e   Code   RO         3902    .text               c_w.l(strlen.o)
    0x080007c8   0x080007c8   0x00000096   Code   RO         3904    .text               c_w.l(strncmp.o)
    0x0800085e   0x0800085e   0x00000018   Code   RO         3906    .text               c_w.l(strcat.o)
    0x08000876   0x08000876   0x0000008a   Code   RO         3908    .text               c_w.l(rt_memcpy_v6.o)
    0x08000900   0x08000900   0x00000064   Code   RO         3910    .text               c_w.l(rt_memcpy_w.o)
    0x08000964   0x08000964   0x00000044   Code   RO         3912    .text               c_w.l(rt_memclr.o)
    0x080009a8   0x080009a8   0x0000004e   Code   RO         3914    .text               c_w.l(rt_memclr_w.o)
    0x080009f6   0x080009f6   0x00000056   Code   RO         3916    .text               c_w.l(strncpy.o)
    0x08000a4c   0x08000a4c   0x00000080   Code   RO         3918    .text               c_w.l(strcmpv7m.o)
    0x08000acc   0x08000acc   0x00000006   Code   RO         3920    .text               c_w.l(heapauxi.o)
    0x08000ad2   0x08000ad2   0x00000002   Code   RO         3986    .text               c_w.l(use_no_semi.o)
    0x08000ad4   0x08000ad4   0x00000010   Code   RO         3991    .text               c_w.l(rt_ctype_table.o)
    0x08000ae4   0x08000ae4   0x00000008   Code   RO         3996    .text               c_w.l(rt_heap_descriptor_intlibspace.o)
    0x08000aec   0x08000aec   0x00000004   Code   RO         3998    .text               c_w.l(hguard.o)
    0x08000af0   0x08000af0   0x0000008a   Code   RO         4000    .text               c_w.l(init_alloc.o)
    0x08000b7a   0x08000b7a   0x0000000e   Code   RO         4004    .text               c_w.l(h1_init.o)
    0x08000b88   0x08000b88   0x000000b2   Code   RO         4018    .text               c_w.l(_printf_intcommon.o)
    0x08000c3a   0x08000c3a   0x0000041e   Code   RO         4020    .text               c_w.l(_printf_fp_dec.o)
    0x08001058   0x08001058   0x00000030   Code   RO         4022    .text               c_w.l(_printf_char_common.o)
    0x08001088   0x08001088   0x0000000a   Code   RO         4024    .text               c_w.l(_sputc.o)
    0x08001092   0x08001092   0x0000002c   Code   RO         4026    .text               c_w.l(_printf_char.o)
    0x080010be   0x080010be   0x00000002   PAD
    0x080010c0   0x080010c0   0x00000024   Code   RO         4028    .text               c_w.l(_printf_char_file.o)
    0x080010e4   0x080010e4   0x000004f8   Code   RO         4031    .text               c_w.l(scanf_fp.o)
    0x080015dc   0x080015dc   0x0000002c   Code   RO         4033    .text               c_w.l(scanf_char.o)
    0x08001608   0x08001608   0x00000040   Code   RO         4035    .text               c_w.l(_sgetc.o)
    0x08001648   0x08001648   0x000000a4   Code   RO         4037    .text               c_w.l(strtod.o)
    0x080016ec   0x080016ec   0x00000008   Code   RO         4097    .text               c_w.l(libspace.o)
    0x080016f4   0x080016f4   0x00000008   Code   RO         4118    .text               c_w.l(rt_locale_intlibspace.o)
    0x080016fc   0x080016fc   0x00000008   Code   RO         4123    .text               c_w.l(rt_errno_addr_intlibspace.o)
    0x08001704   0x08001704   0x00000034   Code   RO         4129    .text               c_w.l(h1_extend.o)
    0x08001738   0x08001738   0x0000008a   Code   RO         4133    .text               c_w.l(lludiv10.o)
    0x080017c2   0x080017c2   0x00000012   Code   RO         4135    .text               c_w.l(isspace.o)
    0x080017d4   0x080017d4   0x00000080   Code   RO         4137    .text               c_w.l(_printf_fp_infnan.o)
    0x08001854   0x08001854   0x00000374   Code   RO         4141    .text               c_w.l(_scanf.o)
    0x08001bc8   0x08001bc8   0x000000e4   Code   RO         4143    .text               c_w.l(bigflt0.o)
    0x08001cac   0x08001cac   0x00000008   Code   RO         4168    .text               c_w.l(ferror.o)
    0x08001cb4   0x08001cb4   0x0000000e   Code   RO         4178    .text               c_w.l(defsig_rtmem_outer.o)
    0x08001cc2   0x08001cc2   0x0000004a   Code   RO         4209    .text               c_w.l(sys_stackheap_outer.o)
    0x08001d0c   0x08001d0c   0x00000016   Code   RO         4215    .text               c_w.l(_rserrno.o)
    0x08001d22   0x08001d22   0x00000002   PAD
    0x08001d24   0x08001d24   0x00000320   Code   RO         4217    .text               c_w.l(scanf_hexfp.o)
    0x08002044   0x08002044   0x00000134   Code   RO         4219    .text               c_w.l(scanf_infnan.o)
    0x08002178   0x08002178   0x00000012   Code   RO         4221    .text               c_w.l(exit.o)
    0x0800218a   0x0800218a   0x0000000a   Code   RO         4223    .text               c_w.l(defsig_exit.o)
    0x08002194   0x08002194   0x00000050   Code   RO         4225    .text               c_w.l(defsig_rtmem_inner.o)
    0x080021e4   0x080021e4   0x00000026   Code   RO         4247    .text               c_w.l(llshl.o)
    0x0800220a   0x0800220a   0x0000001c   Code   RO         4249    .text               c_w.l(_chval.o)
    0x08002226   0x08002226   0x00000032   Code   RO         4253    .text               c_w.l(defsig_general.o)
    0x08002258   0x08002258   0x0000003e   Code   RO         4146    CL$$btod_d2e        c_w.l(btod.o)
    0x08002296   0x08002296   0x00000046   Code   RO         4148    CL$$btod_d2e_denorm_low  c_w.l(btod.o)
    0x080022dc   0x080022dc   0x00000060   Code   RO         4147    CL$$btod_d2e_norm_op1  c_w.l(btod.o)
    0x0800233c   0x0800233c   0x00000338   Code   RO         4156    CL$$btod_div_common  c_w.l(btod.o)
    0x08002674   0x08002674   0x00000084   Code   RO         4154    CL$$btod_e2d        c_w.l(btod.o)
    0x080026f8   0x080026f8   0x000000dc   Code   RO         4153    CL$$btod_e2e        c_w.l(btod.o)
    0x080027d4   0x080027d4   0x0000002a   Code   RO         4150    CL$$btod_ediv       c_w.l(btod.o)
    0x080027fe   0x080027fe   0x0000002a   Code   RO         4152    CL$$btod_edivd      c_w.l(btod.o)
    0x08002828   0x08002828   0x0000002a   Code   RO         4149    CL$$btod_emul       c_w.l(btod.o)
    0x08002852   0x08002852   0x0000002a   Code   RO         4151    CL$$btod_emuld      c_w.l(btod.o)
    0x0800287c   0x0800287c   0x00000244   Code   RO         4155    CL$$btod_mult_common  c_w.l(btod.o)
    0x08002ac0   0x08002ac0   0x00000052   Code   RO         1977    i.ADC_ConversionStop_Disable  stm32f1xx_hal_adc.o
    0x08002b12   0x08002b12   0x00000052   Code   RO         1978    i.ADC_DMAConvCplt   stm32f1xx_hal_adc.o
    0x08002b64   0x08002b64   0x0000001e   Code   RO         1979    i.ADC_DMAError      stm32f1xx_hal_adc.o
    0x08002b82   0x08002b82   0x0000000e   Code   RO         1980    i.ADC_DMAHalfConvCplt  stm32f1xx_hal_adc.o
    0x08002b90   0x08002b90   0x00000084   Code   RO         1981    i.ADC_Enable        stm32f1xx_hal_adc.o
    0x08002c14   0x08002c14   0x00000004   Code   RO           13    i.BusFault_Handler  stm32f1xx_it.o
    0x08002c18   0x08002c18   0x0000002c   Code   RO         2915    i.DMA1_Channel1_IRQHandler  mq.o
    0x08002c44   0x08002c44   0x0000002c   Code   RO         1040    i.DMA_SetConfig     stm32f1xx_hal_dma.o
    0x08002c70   0x08002c70   0x00000002   Code   RO           14    i.DebugMon_Handler  stm32f1xx_it.o
    0x08002c72   0x08002c72   0x00000002   PAD
    0x08002c74   0x08002c74   0x00000044   Code   RO         2300    i.FSMC_NORSRAM_Extended_Timing_Init  stm32f1xx_ll_fsmc.o
    0x08002cb8   0x08002cb8   0x00000078   Code   RO         2301    i.FSMC_NORSRAM_Init  stm32f1xx_ll_fsmc.o
    0x08002d30   0x08002d30   0x00000042   Code   RO         2302    i.FSMC_NORSRAM_Timing_Init  stm32f1xx_ll_fsmc.o
    0x08002d72   0x08002d72   0x00000002   PAD
    0x08002d74   0x08002d74   0x00000104   Code   RO         2418    i.HAL_ADCEx_Calibration_Start  stm32f1xx_hal_adc_ex.o
    0x08002e78   0x08002e78   0x00000160   Code   RO         1983    i.HAL_ADC_ConfigChannel  stm32f1xx_hal_adc.o
    0x08002fd8   0x08002fd8   0x00000002   Code   RO         1984    i.HAL_ADC_ConvCpltCallback  stm32f1xx_hal_adc.o
    0x08002fda   0x08002fda   0x00000002   Code   RO         1985    i.HAL_ADC_ConvHalfCpltCallback  stm32f1xx_hal_adc.o
    0x08002fdc   0x08002fdc   0x00000002   Code   RO         1987    i.HAL_ADC_ErrorCallback  stm32f1xx_hal_adc.o
    0x08002fde   0x08002fde   0x00000002   PAD
    0x08002fe0   0x08002fe0   0x00000160   Code   RO         1992    i.HAL_ADC_Init      stm32f1xx_hal_adc.o
    0x08003140   0x08003140   0x00000002   Code   RO         1995    i.HAL_ADC_MspInit   stm32f1xx_hal_adc.o
    0x08003142   0x08003142   0x00000002   PAD
    0x08003144   0x08003144   0x00000180   Code   RO         1999    i.HAL_ADC_Start_DMA  stm32f1xx_hal_adc.o
    0x080032c4   0x080032c4   0x000001a8   Code   RO         1042    i.HAL_DMA_Abort_IT  stm32f1xx_hal_dma.o
    0x0800346c   0x0800346c   0x0000008c   Code   RO         1047    i.HAL_DMA_Init      stm32f1xx_hal_dma.o
    0x080034f8   0x080034f8   0x0000009c   Code   RO         1051    i.HAL_DMA_Start_IT  stm32f1xx_hal_dma.o
    0x08003594   0x08003594   0x00000340   Code   RO         1138    i.HAL_GPIO_Init     stm32f1xx_hal_gpio.o
    0x080038d4   0x080038d4   0x00000010   Code   RO         1140    i.HAL_GPIO_ReadPin  stm32f1xx_hal_gpio.o
    0x080038e4   0x080038e4   0x0000000c   Code   RO         1142    i.HAL_GPIO_WritePin  stm32f1xx_hal_gpio.o
    0x080038f0   0x080038f0   0x0000000c   Code   RO          755    i.HAL_GetTick       stm32f1xx_hal.o
    0x080038fc   0x080038fc   0x00000018   Code   RO          761    i.HAL_IncTick       stm32f1xx_hal.o
    0x08003914   0x08003914   0x00000028   Code   RO          762    i.HAL_Init          stm32f1xx_hal.o
    0x0800393c   0x0800393c   0x0000004c   Code   RO          763    i.HAL_InitTick      stm32f1xx_hal.o
    0x08003988   0x08003988   0x00000002   Code   RO          765    i.HAL_MspInit       stm32f1xx_hal.o
    0x0800398a   0x0800398a   0x00000020   Code   RO          920    i.HAL_NVIC_EnableIRQ  stm32f1xx_hal_cortex.o
    0x080039aa   0x080039aa   0x0000007c   Code   RO          926    i.HAL_NVIC_SetPriority  stm32f1xx_hal_cortex.o
    0x08003a26   0x08003a26   0x00000002   PAD
    0x08003a28   0x08003a28   0x00000028   Code   RO          927    i.HAL_NVIC_SetPriorityGrouping  stm32f1xx_hal_cortex.o
    0x08003a50   0x08003a50   0x00000134   Code   RO         1345    i.HAL_RCCEx_GetPeriphCLKFreq  stm32f1xx_hal_rcc_ex.o
    0x08003b84   0x08003b84   0x00000130   Code   RO         1346    i.HAL_RCCEx_PeriphCLKConfig  stm32f1xx_hal_rcc_ex.o
    0x08003cb4   0x08003cb4   0x0000018c   Code   RO         1238    i.HAL_RCC_ClockConfig  stm32f1xx_hal_rcc.o
    0x08003e40   0x08003e40   0x0000000c   Code   RO         1243    i.HAL_RCC_GetHCLKFreq  stm32f1xx_hal_rcc.o
    0x08003e4c   0x08003e4c   0x00000020   Code   RO         1245    i.HAL_RCC_GetPCLK1Freq  stm32f1xx_hal_rcc.o
    0x08003e6c   0x08003e6c   0x00000020   Code   RO         1246    i.HAL_RCC_GetPCLK2Freq  stm32f1xx_hal_rcc.o
    0x08003e8c   0x08003e8c   0x00000094   Code   RO         1247    i.HAL_RCC_GetSysClockFreq  stm32f1xx_hal_rcc.o
    0x08003f20   0x08003f20   0x00000464   Code   RO         1250    i.HAL_RCC_OscConfig  stm32f1xx_hal_rcc.o
    0x08004384   0x08004384   0x00000066   Code   RO         2161    i.HAL_SRAM_Init     stm32f1xx_hal_sram.o
    0x080043ea   0x080043ea   0x00000002   PAD
    0x080043ec   0x080043ec   0x00000090   Code   RO         2550    i.HAL_SRAM_MspInit  lcd.o
    0x0800447c   0x0800447c   0x00000034   Code   RO          931    i.HAL_SYSTICK_Config  stm32f1xx_hal_cortex.o
    0x080044b0   0x080044b0   0x00000002   Code   RO         1401    i.HAL_UART_ErrorCallback  stm32f1xx_hal_uart.o
    0x080044b2   0x080044b2   0x00000002   PAD
    0x080044b4   0x080044b4   0x00000154   Code   RO         1404    i.HAL_UART_IRQHandler  stm32f1xx_hal_uart.o
    0x08004608   0x08004608   0x00000072   Code   RO         1405    i.HAL_UART_Init     stm32f1xx_hal_uart.o
    0x0800467a   0x0800467a   0x00000002   PAD
    0x0800467c   0x0800467c   0x000000b4   Code   RO          664    i.HAL_UART_MspInit  usart.o
    0x08004730   0x08004730   0x00000070   Code   RO         1410    i.HAL_UART_Receive_IT  stm32f1xx_hal_uart.o
    0x080047a0   0x080047a0   0x0000006c   Code   RO          665    i.HAL_UART_RxCpltCallback  usart.o
    0x0800480c   0x0800480c   0x00000002   Code   RO         1416    i.HAL_UART_TxCpltCallback  stm32f1xx_hal_uart.o
    0x0800480e   0x0800480e   0x00000002   PAD
    0x08004810   0x08004810   0x0000002c   Code   RO           15    i.HardFault_Handler  stm32f1xx_it.o
    0x0800483c   0x0800483c   0x00000004   Code   RO           16    i.MemManage_Handler  stm32f1xx_it.o
    0x08004840   0x08004840   0x00000002   Code   RO           17    i.NMI_Handler       stm32f1xx_it.o
    0x08004842   0x08004842   0x00000002   Code   RO           18    i.PendSV_Handler    stm32f1xx_it.o
    0x08004844   0x08004844   0x00000028   Code   RO         1251    i.RCC_Delay         stm32f1xx_hal_rcc.o
    0x0800486c   0x0800486c   0x00000002   Code   RO           19    i.SVC_Handler       stm32f1xx_it.o
    0x0800486e   0x0800486e   0x00000008   Code   RO           20    i.SysTick_Handler   stm32f1xx_it.o
    0x08004876   0x08004876   0x00000002   Code   RO          511    i.SystemInit        system_stm32f1xx.o
    0x08004878   0x08004878   0x00000014   Code   RO         1418    i.UART_DMAAbortOnError  stm32f1xx_hal_uart.o
    0x0800488c   0x0800488c   0x00000020   Code   RO         1428    i.UART_EndRxTransfer  stm32f1xx_hal_uart.o
    0x080048ac   0x080048ac   0x00000020   Code   RO         1429    i.UART_EndTransmit_IT  stm32f1xx_hal_uart.o
    0x080048cc   0x080048cc   0x000000a0   Code   RO         1431    i.UART_Receive_IT   stm32f1xx_hal_uart.o
    0x0800496c   0x0800496c   0x000000fc   Code   RO         1432    i.UART_SetConfig    stm32f1xx_hal_uart.o
    0x08004a68   0x08004a68   0x00000060   Code   RO         1433    i.UART_Transmit_IT  stm32f1xx_hal_uart.o
    0x08004ac8   0x08004ac8   0x00000070   Code   RO          666    i.USART3_IRQHandler  usart.o
    0x08004b38   0x08004b38   0x00000004   Code   RO           21    i.UsageFault_Handler  stm32f1xx_it.o
    0x08004b3c   0x08004b3c   0x00000028   Code   RO         4201    i.__ARM_fpclassify  m_ws.l(fpclassify.o)
    0x08004b64   0x08004b64   0x00000010   Code   RO          933    i.__NVIC_GetPriorityGrouping  stm32f1xx_hal_cortex.o
    0x08004b74   0x08004b74   0x00000028   Code   RO          934    i.__NVIC_SetPriority  stm32f1xx_hal_cortex.o
    0x08004b9c   0x08004b9c   0x0000000e   Code   RO         4302    i.__mathlib_dbl_overflow  m_ws.l(dunder.o)
    0x08004baa   0x08004baa   0x00000002   PAD
    0x08004bac   0x08004bac   0x00000010   Code   RO         4304    i.__mathlib_dbl_underflow  m_ws.l(dunder.o)
    0x08004bbc   0x08004bbc   0x00000010   Code   RO         4203    i.__mathlib_narrow  m_ws.l(narrow.o)
    0x08004bcc   0x08004bcc   0x000000bc   Code   RO         4204    i.__mathlib_tofloat  m_ws.l(narrow.o)
    0x08004c88   0x08004c88   0x00000016   Code   RO         4276    i.__support_ldexp   m_ws.l(ldexp.o)
    0x08004c9e   0x08004c9e   0x0000000e   Code   RO         3876    i._is_digit         c_w.l(__printf_wp.o)
    0x08004cac   0x08004cac   0x00000004   Code   RO          668    i._sys_exit         usart.o
    0x08004cb0   0x08004cb0   0x00000004   Code   RO          669    i._ttywrch          usart.o
    0x08004cb4   0x08004cb4   0x00000054   Code   RO         2916    i.adc_dma_enable    mq.o
    0x08004d08   0x08004d08   0x00000154   Code   RO         2917    i.adc_nch_dma_init  mq.o
    0x08004e5c   0x08004e5c   0x00000046   Code   RO         2958    i.add_escape_char   wifi.o
    0x08004ea2   0x08004ea2   0x00000036   Code   RO         3079    i.add_item_to_array  cjson.o
    0x08004ed8   0x08004ed8   0x0000007a   Code   RO         3080    i.add_item_to_object  cjson.o
    0x08004f52   0x08004f52   0x00000048   Code   RO         3081    i.buffer_skip_whitespace  cjson.o
    0x08004f9a   0x08004f9a   0x00000002   PAD
    0x08004f9c   0x08004f9c   0x0000003c   Code   RO         3091    i.cJSON_AddNumberToObject  cjson.o
    0x08004fd8   0x08004fd8   0x00000064   Code   RO         3105    i.cJSON_CreateNumber  cjson.o
    0x0800503c   0x0800503c   0x00000018   Code   RO         3106    i.cJSON_CreateObject  cjson.o
    0x08005054   0x08005054   0x00000058   Code   RO         3113    i.cJSON_Delete      cjson.o
    0x080050ac   0x080050ac   0x00000012   Code   RO         3127    i.cJSON_GetObjectItemCaseSensitive  cjson.o
    0x080050be   0x080050be   0x0000001a   Code   RO         3143    i.cJSON_New_Item    cjson.o
    0x080050d8   0x080050d8   0x00000010   Code   RO         3144    i.cJSON_Parse       cjson.o
    0x080050e8   0x080050e8   0x000000d4   Code   RO         3146    i.cJSON_ParseWithLengthOpts  cjson.o
    0x080051bc   0x080051bc   0x00000028   Code   RO         3147    i.cJSON_ParseWithOpts  cjson.o
    0x080051e4   0x080051e4   0x00000014   Code   RO         3151    i.cJSON_PrintUnformatted  cjson.o
    0x080051f8   0x080051f8   0x00000038   Code   RO         3161    i.cJSON_strdup      cjson.o
    0x08005230   0x08005230   0x00000048   Code   RO         3162    i.case_insensitive_strcmp  cjson.o
    0x08005278   0x08005278   0x00000002   Code   RO         3163    i.cast_away_const   cjson.o
    0x0800527a   0x0800527a   0x00000002   PAD
    0x0800527c   0x0800527c   0x00000074   Code   RO         3164    i.compare_double    cjson.o
    0x080052f0   0x080052f0   0x0000026c   Code   RO          273    i.data_get          main.o
    0x0800555c   0x0800555c   0x0000000c   Code   RO          621    i.delay_init        delay.o
    0x08005568   0x08005568   0x00000012   Code   RO          622    i.delay_ms          delay.o
    0x0800557a   0x0800557a   0x00000002   PAD
    0x0800557c   0x0800557c   0x00000048   Code   RO          623    i.delay_us          delay.o
    0x080055c4   0x080055c4   0x00000058   Code   RO         2862    i.dht11_check       dht11.o
    0x0800561c   0x0800561c   0x00000050   Code   RO         2863    i.dht11_init        dht11.o
    0x0800566c   0x0800566c   0x0000005c   Code   RO         2864    i.dht11_read_bit    dht11.o
    0x080056c8   0x080056c8   0x0000001e   Code   RO         2865    i.dht11_read_byte   dht11.o
    0x080056e6   0x080056e6   0x00000058   Code   RO         2866    i.dht11_read_data   dht11.o
    0x0800573e   0x0800573e   0x00000002   PAD
    0x08005740   0x08005740   0x00000034   Code   RO         2867    i.dht11_reset       dht11.o
    0x08005774   0x08005774   0x000000b8   Code   RO         3166    i.ensure            cjson.o
    0x0800582c   0x0800582c   0x0000004c   Code   RO         2959    i.escape_quotes     wifi.o
    0x08005878   0x08005878   0x00000078   Code   RO         2960    i.esp8266_link_aliyun  wifi.o
    0x080058f0   0x080058f0   0x000000b4   Code   RO         2961    i.esp8266_send_AT_cmd_and_check  wifi.o
    0x080059a4   0x080059a4   0x000000c4   Code   RO         2962    i.esp8266_start     wifi.o
    0x08005a68   0x08005a68   0x00000074   Code   RO         2964    i.esp_send_sta_al   wifi.o
    0x08005adc   0x08005adc   0x00000046   Code   RO         2965    i.extractJsonString_a  wifi.o
    0x08005b22   0x08005b22   0x00000038   Code   RO         2966    i.extractJsonString_b  wifi.o
    0x08005b5a   0x08005b5a   0x00000002   PAD
    0x08005b5c   0x08005b5c   0x0000006c   Code   RO         2514    i.fan_init          fan.o
    0x08005bc8   0x08005bc8   0x0000001c   Code   RO          670    i.fputc             usart.o
    0x08005be4   0x08005be4   0x00000058   Code   RO         4238    i.frexp             m_ws.l(frexp.o)
    0x08005c3c   0x08005c3c   0x00000004   Code   RO         3168    i.get_decimal_point  cjson.o
    0x08005c40   0x08005c40   0x00000052   Code   RO         3169    i.get_object_item   cjson.o
    0x08005c92   0x08005c92   0x00000002   PAD
    0x08005c94   0x08005c94   0x0000020c   Code   RO          274    i.judge             main.o
    0x08005ea0   0x08005ea0   0x00000034   Code   RO         2551    i.lcd_clear         lcd.o
    0x08005ed4   0x08005ed4   0x0000016c   Code   RO         2553    i.lcd_display_dir   lcd.o
    0x08006040   0x08006040   0x00000020   Code   RO         2559    i.lcd_draw_point    lcd.o
    0x08006060   0x08006060   0x0000022c   Code   RO         2561    i.lcd_ex_ili9341_reginit  lcd.o
    0x0800628c   0x0800628c   0x00000340   Code   RO         2562    i.lcd_ex_ili9806_reginit  lcd.o
    0x080065cc   0x080065cc   0x00000ef2   Code   RO         2563    i.lcd_ex_nt35310_reginit  lcd.o
    0x080074be   0x080074be   0x00000efc   Code   RO         2564    i.lcd_ex_nt35510_reginit  lcd.o
    0x080083ba   0x080083ba   0x0000016e   Code   RO         2565    i.lcd_ex_ssd1963_reginit  lcd.o
    0x08008528   0x08008528   0x000001a8   Code   RO         2566    i.lcd_ex_st7789_reginit  lcd.o
    0x080086d0   0x080086d0   0x000001c6   Code   RO         2567    i.lcd_ex_st7796_reginit  lcd.o
    0x08008896   0x08008896   0x00000002   PAD
    0x08008898   0x08008898   0x00000454   Code   RO         2570    i.lcd_init          lcd.o
    0x08008cec   0x08008cec   0x0000000c   Code   RO         2571    i.lcd_opt_delay     lcd.o
    0x08008cf8   0x08008cf8   0x00000016   Code   RO         2572    i.lcd_pow           lcd.o
    0x08008d0e   0x08008d0e   0x00000002   PAD
    0x08008d10   0x08008d10   0x00000018   Code   RO         2573    i.lcd_rd_data       lcd.o
    0x08008d28   0x08008d28   0x0000023c   Code   RO         2575    i.lcd_scan_dir      lcd.o
    0x08008f64   0x08008f64   0x00000120   Code   RO         2576    i.lcd_set_cursor    lcd.o
    0x08009084   0x08009084   0x00000140   Code   RO         2578    i.lcd_show_char     lcd.o
    0x080091c4   0x080091c4   0x00000098   Code   RO         2579    i.lcd_show_num      lcd.o
    0x0800925c   0x0800925c   0x0000006a   Code   RO         2580    i.lcd_show_string   lcd.o
    0x080092c6   0x080092c6   0x000000c6   Code   RO         2581    i.lcd_show_xnum     lcd.o
    0x0800938c   0x0800938c   0x00000054   Code   RO         2582    i.lcd_ssd_backlight_set  lcd.o
    0x080093e0   0x080093e0   0x00000018   Code   RO         2583    i.lcd_wr_data       lcd.o
    0x080093f8   0x080093f8   0x00000018   Code   RO         2584    i.lcd_wr_regno      lcd.o
    0x08009410   0x08009410   0x00000014   Code   RO         2585    i.lcd_write_ram_prepare  lcd.o
    0x08009424   0x08009424   0x00000010   Code   RO         2586    i.lcd_write_reg     lcd.o
    0x08009434   0x08009434   0x00000074   Code   RO         4277    i.ldexp             m_ws.l(ldexp.o)
    0x080094a8   0x080094a8   0x00000054   Code   RO         3058    i.led_init          led.o
    0x080094fc   0x080094fc   0x000003d8   Code   RO          275    i.main              main.o
    0x080098d4   0x080098d4   0x000000a0   Code   RO         2814    i.motor_init        motor.o
    0x08009974   0x08009974   0x00000078   Code   RO          276    i.motor_judge       main.o
    0x080099ec   0x080099ec   0x00000090   Code   RO         2815    i.motor_start_four_bat  motor.o
    0x08009a7c   0x08009a7c   0x00000090   Code   RO         2816    i.motor_start_four_bat_toggle  motor.o
    0x08009b0c   0x08009b0c   0x000000f8   Code   RO         3171    i.parse_array       cjson.o
    0x08009c04   0x08009c04   0x0000005a   Code   RO         3172    i.parse_hex4        cjson.o
    0x08009c5e   0x08009c5e   0x00000002   PAD
    0x08009c60   0x08009c60   0x00000138   Code   RO         3173    i.parse_number      cjson.o
    0x08009d98   0x08009d98   0x0000013e   Code   RO         3174    i.parse_object      cjson.o
    0x08009ed6   0x08009ed6   0x0000018c   Code   RO         3175    i.parse_string      cjson.o
    0x0800a062   0x0800a062   0x00000002   PAD
    0x0800a064   0x0800a064   0x0000013c   Code   RO         3176    i.parse_value       cjson.o
    0x0800a1a0   0x0800a1a0   0x000000b2   Code   RO         3177    i.print             cjson.o
    0x0800a252   0x0800a252   0x000000b2   Code   RO         3178    i.print_array       cjson.o
    0x0800a304   0x0800a304   0x00000154   Code   RO         3179    i.print_number      cjson.o
    0x0800a458   0x0800a458   0x00000174   Code   RO         3180    i.print_object      cjson.o
    0x0800a5cc   0x0800a5cc   0x00000010   Code   RO         3181    i.print_string      cjson.o
    0x0800a5dc   0x0800a5dc   0x00000174   Code   RO         3182    i.print_string_ptr  cjson.o
    0x0800a750   0x0800a750   0x00000104   Code   RO         3183    i.print_value       cjson.o
    0x0800a854   0x0800a854   0x00000164   Code   RO          277    i.send_data         main.o
    0x0800a9b8   0x0800a9b8   0x0000003c   Code   RO         3187    i.skip_utf8_bom     cjson.o
    0x0800a9f4   0x0800a9f4   0x0000001c   Code   RO         3983    i.strtod            m_ws.l(strtod.o)
    0x0800aa10   0x0800aa10   0x000002a0   Code   RO          278    i.sub_recv          main.o
    0x0800acb0   0x0800acb0   0x00000006   Code   RO         3188    i.suffix_object     cjson.o
    0x0800acb6   0x0800acb6   0x00000066   Code   RO          553    i.sys_stm32_clock_init  sys.o
    0x0800ad1c   0x0800ad1c   0x00000024   Code   RO         3189    i.update_offset     cjson.o
    0x0800ad40   0x0800ad40   0x00000064   Code   RO          671    i.usart_init        usart.o
    0x0800ada4   0x0800ada4   0x0000012c   Code   RO         3190    i.utf16_literal_to_utf8  cjson.o
    0x0800aed0   0x0800aed0   0x0000002c   Code   RO         4173    locale$$code        c_w.l(lc_ctype_c.o)
    0x0800aefc   0x0800aefc   0x0000002c   Code   RO         4176    locale$$code        c_w.l(lc_numeric_c.o)
    0x0800af28   0x0800af28   0x00000062   Code   RO         3924    x$fpl$d2f           fz_ws.l(d2f.o)
    0x0800af8a   0x0800af8a   0x00000002   PAD
    0x0800af8c   0x0800af8c   0x00000150   Code   RO         3926    x$fpl$dadd          fz_ws.l(daddsub_clz.o)
    0x0800b0dc   0x0800b0dc   0x00000010   Code   RO         4296    x$fpl$dcheck1       fz_ws.l(dcheck1.o)
    0x0800b0ec   0x0800b0ec   0x00000018   Code   RO         4086    x$fpl$dcmpinf       fz_ws.l(dcmpi.o)
    0x0800b104   0x0800b104   0x00000078   Code   RO         3932    x$fpl$deqf          fz_ws.l(deqf.o)
    0x0800b17c   0x0800b17c   0x0000005e   Code   RO         3934    x$fpl$dfix          fz_ws.l(dfix.o)
    0x0800b1da   0x0800b1da   0x00000002   PAD
    0x0800b1dc   0x0800b1dc   0x0000005a   Code   RO         3938    x$fpl$dfixu         fz_ws.l(dfixu.o)
    0x0800b236   0x0800b236   0x0000002e   Code   RO         3943    x$fpl$dflt          fz_ws.l(dflt_clz.o)
    0x0800b264   0x0800b264   0x00000026   Code   RO         3942    x$fpl$dfltu         fz_ws.l(dflt_clz.o)
    0x0800b28a   0x0800b28a   0x00000002   PAD
    0x0800b28c   0x0800b28c   0x00000078   Code   RO         3948    x$fpl$dleqf         fz_ws.l(dleqf.o)
    0x0800b304   0x0800b304   0x00000154   Code   RO         3950    x$fpl$dmul          fz_ws.l(dmul.o)
    0x0800b458   0x0800b458   0x0000009c   Code   RO         4088    x$fpl$dnaninf       fz_ws.l(dnaninf.o)
    0x0800b4f4   0x0800b4f4   0x0000000c   Code   RO         4090    x$fpl$dretinf       fz_ws.l(dretinf.o)
    0x0800b500   0x0800b500   0x0000006c   Code   RO         3952    x$fpl$drleqf        fz_ws.l(drleqf.o)
    0x0800b56c   0x0800b56c   0x000001d4   Code   RO         3928    x$fpl$dsub          fz_ws.l(daddsub_clz.o)
    0x0800b740   0x0800b740   0x00000056   Code   RO         3954    x$fpl$f2d           fz_ws.l(f2d.o)
    0x0800b796   0x0800b796   0x00000002   PAD
    0x0800b798   0x0800b798   0x000000c4   Code   RO         3956    x$fpl$fadd          fz_ws.l(faddsub_clz.o)
    0x0800b85c   0x0800b85c   0x00000184   Code   RO         3963    x$fpl$fdiv          fz_ws.l(fdiv.o)
    0x0800b9e0   0x0800b9e0   0x0000003e   Code   RO         3966    x$fpl$ffixu         fz_ws.l(ffixu.o)
    0x0800ba1e   0x0800ba1e   0x00000002   PAD
    0x0800ba20   0x0800ba20   0x00000026   Code   RO         3970    x$fpl$ffltu         fz_ws.l(fflt_clz.o)
    0x0800ba46   0x0800ba46   0x00000002   PAD
    0x0800ba48   0x0800ba48   0x00000102   Code   RO         3976    x$fpl$fmul          fz_ws.l(fmul.o)
    0x0800bb4a   0x0800bb4a   0x0000008c   Code   RO         4092    x$fpl$fnaninf       fz_ws.l(fnaninf.o)
    0x0800bbd6   0x0800bbd6   0x0000000a   Code   RO         4094    x$fpl$fretinf       fz_ws.l(fretinf.o)
    0x0800bbe0   0x0800bbe0   0x00000014   Code   RO         3957    x$fpl$frsb          fz_ws.l(faddsub_clz.o)
    0x0800bbf4   0x0800bbf4   0x000000ea   Code   RO         3958    x$fpl$fsub          fz_ws.l(faddsub_clz.o)
    0x0800bcde   0x0800bcde   0x00000006   Code   RO         4193    x$fpl$ieeestatus    fz_ws.l(istatus.o)
    0x0800bce4   0x0800bce4   0x00000004   Code   RO         3978    x$fpl$printf1       fz_ws.l(printf1.o)
    0x0800bce8   0x0800bce8   0x00000064   Code   RO         4336    x$fpl$retnan        fz_ws.l(retnan.o)
    0x0800bd4c   0x0800bd4c   0x0000005c   Code   RO         4273    x$fpl$scalbn        fz_ws.l(scalbn.o)
    0x0800bda8   0x0800bda8   0x00000004   Code   RO         3980    x$fpl$scanf1        fz_ws.l(scanf1.o)
    0x0800bdac   0x0800bdac   0x00000008   Code   RO         4195    x$fpl$scanf2        fz_ws.l(scanf2.o)
    0x0800bdb4   0x0800bdb4   0x00000030   Code   RO         4338    x$fpl$trapveneer    fz_ws.l(trapv.o)
    0x0800bde4   0x0800bde4   0x00000000   Code   RO         4096    x$fpl$usenofp       fz_ws.l(usenofp.o)
    0x0800bde4   0x0800bde4   0x00000018   Data   RO          512    .constdata          system_stm32f1xx.o
    0x0800bdfc   0x0800bdfc   0x00002f80   Data   RO         2588    .constdata          lcd.o
    0x0800ed7c   0x0800ed7c   0x00000200   Data   RO         2968    .constdata          wifi.o
    0x0800ef7c   0x0800ef7c   0x00000028   Data   RO         3849    .constdata          c_w.l(_printf_hex_int.o)
    0x0800efa4   0x0800efa4   0x00000011   Data   RO         3879    .constdata          c_w.l(__printf_flags_wp.o)
    0x0800efb5   0x0800efb5   0x00000003   PAD
    0x0800efb8   0x0800efb8   0x00000094   Data   RO         4144    .constdata          c_w.l(bigflt0.o)
    0x0800f04c   0x0800f04c   0x00000172   Data   RO         2969    .conststring        wifi.o
    0x0800f1be   0x0800f1be   0x00000002   PAD
    0x0800f1c0   0x0800f1c0   0x00000020   Data   RO         4340    Region$$Table       anon$$obj.o
    0x0800f1e0   0x0800f1e0   0x00000008   Data   RO         4187    c$$dinf             fz_ws.l(fpconst.o)
    0x0800f1e8   0x0800f1e8   0x00000008   Data   RO         4190    c$$dmax             fz_ws.l(fpconst.o)
    0x0800f1f0   0x0800f1f0   0x00000110   Data   RO         4172    locale$$data        c_w.l(lc_ctype_c.o)
    0x0800f300   0x0800f300   0x0000001c   Data   RO         4175    locale$$data        c_w.l(lc_numeric_c.o)


    Execution Region RW_IRAM1 (Exec base: 0x20000000, Load base: 0x0800f31c, Size: 0x00002a88, Max: 0x00010000, ABSOLUTE)

    Exec Addr    Load Addr    Size         Type   Attr      Idx    E Section Name        Object

    0x20000000   0x0800f31c   0x0000000e   Data   RW          280    .data               main.o
    0x2000000e   0x0800f32a   0x00000002   PAD
    0x20000010   0x0800f32c   0x00000004   Data   RW          513    .data               system_stm32f1xx.o
    0x20000014   0x0800f330   0x00000004   Data   RW          624    .data               delay.o
    0x20000018   0x0800f334   0x00000009   Data   RW          673    .data               usart.o
    0x20000021   0x0800f33d   0x00000003   PAD
    0x20000024   0x0800f340   0x00000009   Data   RW          769    .data               stm32f1xx_hal.o
    0x2000002d   0x0800f349   0x00000003   PAD
    0x20000030   0x0800f34c   0x00000008   Data   RW         2589    .data               lcd.o
    0x20000038   0x0800f354   0x00000001   Data   RW         2818    .data               motor.o
    0x20000039   0x0800f355   0x00000001   Data   RW         2919    .data               mq.o
    0x2000003a   0x0800f356   0x00000002   PAD
    0x2000003c   0x0800f358   0x00000014   Data   RW         3192    .data               cjson.o
    0x20000050        -       0x000000c8   Zero   RW          279    .bss                main.o
    0x20000118        -       0x00000440   Zero   RW          672    .bss                usart.o
    0x20000558        -       0x00000056   Zero   RW         2587    .bss                lcd.o
    0x200005ae   0x0800f36c   0x00000002   PAD
    0x200005b0        -       0x00000074   Zero   RW         2918    .bss                mq.o
    0x20000624        -       0x00000060   Zero   RW         4098    .bss                c_w.l(libspace.o)
    0x20000684   0x0800f36c   0x00000004   PAD
    0x20000688        -       0x00002000   Zero   RW            2    HEAP                startup_stm32f103xe.o
    0x20002688        -       0x00000400   Zero   RW            1    STACK               startup_stm32f103xe.o


==============================================================================

Image component sizes


      Code (inc. data)   RO Data    RW Data    ZI Data      Debug   Object Name

      5166        172          0         20          0      37062   cjson.o
       102         10          0          4          0       1883   delay.o
       430         24          0          0          0       4008   dht11.o
       108          8          0          0          0        879   fan.o
     13856        162      12160          8         86      26426   lcd.o
        84          8          0          0          0        879   led.o
      3276        738          0         14        200     490337   main.o
       448         16          0          1          0       2293   motor.o
       468         42          0          1        116       2609   mq.o
        64         26        304          0       9216        936   startup_stm32f103xe.o
       154         32          0          9          0       6471   stm32f1xx_hal.o
      1436         58          0          0          0       9040   stm32f1xx_hal_adc.o
       260          4          0          0          0       1478   stm32f1xx_hal_adc_ex.o
       304         22          0          0          0      29523   stm32f1xx_hal_cortex.o
       764         18          0          0          0       3545   stm32f1xx_hal_dma.o
       860         40          0          0          0       3391   stm32f1xx_hal_gpio.o
      1784        110          0          0          0       6128   stm32f1xx_hal_rcc.o
       612         46          0          0          0       2465   stm32f1xx_hal_rcc_ex.o
       102          0          0          0          0       1228   stm32f1xx_hal_sram.o
      1162         10          0          0          0       7871   stm32f1xx_hal_uart.o
        72         12          0          0          0       8518   stm32f1xx_it.o
       254         10          0          0          0       3887   stm32f1xx_ll_fsmc.o
       102          0          0          0          0        723   sys.o
         2          0         24          4          0       1367   system_stm32f1xx.o
       536         84          0          9       1088       6200   usart.o
       884        168        882          0          0       8730   wifi.o

    ----------------------------------------------------------------------
     33328       1820      13404         80      10708     667877   Object Totals
         0          0         32          0          0          0   (incl. Generated)
        38          0          2         10          2          0   (incl. Padding)

    ----------------------------------------------------------------------

      Code (inc. data)   RO Data    RW Data    ZI Data      Debug   Library Member Name

        60          8          0          0          0         84   __0sscanf.o
        24          4          0          0          0         84   __2printf.o
        44          6          0          0          0         84   __2sprintf.o
         8          0          0          0          0         68   __main.o
       312          4         17          0          0         92   __printf_flags_wp.o
        14          0          0          0          0         68   __printf_wp.o
         0          0          0          0          0          0   __rtentry.o
        12          0          0          0          0          0   __rtentry2.o
         6          0          0          0          0          0   __rtentry4.o
        52          8          0          0          0          0   __scatter.o
        26          0          0          0          0          0   __scatter_copy.o
        28          0          0          0          0          0   __scatter_zi.o
        28          0          0          0          0         68   _chval.o
        44          0          0          0          0        108   _printf_char.o
        48          6          0          0          0         96   _printf_char_common.o
        36          4          0          0          0         80   _printf_char_file.o
         6          0          0          0          0          0   _printf_d.o
       120         16          0          0          0         92   _printf_dec.o
      1054          0          0          0          0        216   _printf_fp_dec.o
       128         16          0          0          0         84   _printf_fp_infnan.o
         6          0          0          0          0          0   _printf_g.o
        88          4         40          0          0         88   _printf_hex_int.o
       178          0          0          0          0         88   _printf_intcommon.o
        78          0          0          0          0        108   _printf_pad.o
         0          0          0          0          0          0   _printf_percent.o
         4          0          0          0          0          0   _printf_percent_end.o
         6          0          0          0          0          0   _printf_s.o
        82          0          0          0          0         80   _printf_str.o
         6          0          0          0          0          0   _printf_x.o
        22          0          0          0          0        100   _rserrno.o
       884          4          0          0          0        100   _scanf.o
        64          0          0          0          0         84   _sgetc.o
        10          0          0          0          0         68   _sputc.o
       228          4        148          0          0         96   bigflt0.o
      2152        136          0          0          0        960   btod.o
        10          0          0          0          0         68   defsig_exit.o
        50          0          0          0          0         88   defsig_general.o
        80         58          0          0          0         76   defsig_rtmem_inner.o
        14          0          0          0          0         80   defsig_rtmem_outer.o
        18          0          0          0          0         80   exit.o
         8          0          0          0          0         68   ferror.o
        94          0          0          0          0         80   h1_alloc.o
        52          0          0          0          0         68   h1_extend.o
        78          0          0          0          0         80   h1_free.o
        14          0          0          0          0         84   h1_init.o
       184          0          0          0          0         92   h1_realloc.o
         6          0          0          0          0        152   heapauxi.o
         4          0          0          0          0        136   hguard.o
       138          0          0          0          0        168   init_alloc.o
        18          0          0          0          0         76   isspace.o
        44         10        272          0          0         76   lc_ctype_c.o
        44         10         28          0          0         76   lc_numeric_c.o
         2          0          0          0          0          0   libinit.o
        38          0          0          0          0          0   libinit2.o
         2          0          0          0          0          0   libshutdown.o
         2          0          0          0          0          0   libshutdown2.o
         8          4          0          0         96         68   libspace.o
        38          0          0          0          0         68   llshl.o
       138          0          0          0          0         80   lludiv10.o
         0          0          0          0          0          0   maybetermalloc1.o
        16          4          0          0          0         76   rt_ctype_table.o
         8          4          0          0          0         68   rt_errno_addr_intlibspace.o
         8          4          0          0          0         68   rt_heap_descriptor_intlibspace.o
         8          4          0          0          0         68   rt_locale_intlibspace.o
        68          0          0          0          0         68   rt_memclr.o
        78          0          0          0          0         80   rt_memclr_w.o
       138          0          0          0          0         68   rt_memcpy_v6.o
       100          0          0          0          0         80   rt_memcpy_w.o
         2          0          0          0          0          0   rtexit.o
        10          0          0          0          0          0   rtexit2.o
        44          8          0          0          0         84   scanf_char.o
      1272         16          0          0          0        168   scanf_fp.o
       800         14          0          0          0        100   scanf_hexfp.o
       308         16          0          0          0        100   scanf_infnan.o
        24          0          0          0          0         68   strcat.o
        20          0          0          0          0         68   strchr.o
       128          0          0          0          0         68   strcmpv7m.o
        72          0          0          0          0         80   strcpy.o
        62          0          0          0          0         76   strlen.o
       150          0          0          0          0         80   strncmp.o
        86          0          0          0          0         76   strncpy.o
        22          0          0          0          0         68   strrchr.o
        36          0          0          0          0         80   strstr.o
       164         14          0          0          0        120   strtod.o
        74          0          0          0          0         80   sys_stackheap_outer.o
        26          0          0          0          0         76   tolower.o
         2          0          0          0          0         68   use_no_semi.o
         2          0          0          0          0         68   use_no_semi_2.o
        98          4          0          0          0         92   d2f.o
       804         16          0          0          0        272   daddsub_clz.o
        16          4          0          0          0         68   dcheck1.o
        24          0          0          0          0         68   dcmpi.o
       120          4          0          0          0         92   deqf.o
        94          4          0          0          0         92   dfix.o
        90          4          0          0          0         92   dfixu.o
        84          0          0          0          0        136   dflt_clz.o
       120          4          0          0          0         92   dleqf.o
       340         12          0          0          0        104   dmul.o
       156          4          0          0          0         92   dnaninf.o
        12          0          0          0          0         68   dretinf.o
       108          0          0          0          0         80   drleqf.o
        86          4          0          0          0         84   f2d.o
       450          8          0          0          0        236   faddsub_clz.o
       388         76          0          0          0         96   fdiv.o
        62          4          0          0          0         84   ffixu.o
        38          0          0          0          0         68   fflt_clz.o
       258          4          0          0          0         84   fmul.o
       140          4          0          0          0         84   fnaninf.o
         0          0         16          0          0          0   fpconst.o
        10          0          0          0          0         68   fretinf.o
         6          0          0          0          0         68   istatus.o
         4          0          0          0          0         68   printf1.o
       100          0          0          0          0         68   retnan.o
        92          0          0          0          0         68   scalbn.o
         4          0          0          0          0         68   scanf1.o
         8          0          0          0          0         84   scanf2.o
        48          0          0          0          0         68   trapv.o
         0          0          0          0          0          0   usenofp.o
        30          6          0          0          0        136   dunder.o
        40          0          0          0          0         68   fpclassify.o
        88          8          0          0          0         76   frexp.o
       138          0          0          0          0        160   ldexp.o
       204          4          0          0          0        168   narrow.o
        28          0          0          0          0         80   strtod.o

    ----------------------------------------------------------------------
     14980        560        524          0        100      10196   Library Totals
        22          0          3          0          4          0   (incl. Padding)

    ----------------------------------------------------------------------

      Code (inc. data)   RO Data    RW Data    ZI Data      Debug   Library Name

     10670        386        505          0         96       6864   c_w.l
      3760        156         16          0          0       2644   fz_ws.l
       528         18          0          0          0        688   m_ws.l

    ----------------------------------------------------------------------
     14980        560        524          0        100      10196   Library Totals

    ----------------------------------------------------------------------

==============================================================================


      Code (inc. data)   RO Data    RW Data    ZI Data      Debug   

     48308       2380      13928         80      10808     663561   Grand Totals
     48308       2380      13928         80      10808     663561   ELF Image Totals
     48308       2380      13928         80          0          0   ROM Totals

==============================================================================

    Total RO  Size (Code + RO Data)                62236 (  60.78kB)
    Total RW  Size (RW Data + ZI Data)             10888 (  10.63kB)
    Total ROM Size (Code + RO Data + RW Data)      62316 (  60.86kB)

==============================================================================

